../Core/Src/main.c:388:5:presForFrequency	16	static
../Core/Src/main.c:397:6:playTone	40	static
../Core/Src/main.c:422:6:noTone	4	static
../Core/Src/main.c:429:6:playTone2	40	static
../Core/Src/main.c:450:6:noTone2	4	static
../Core/Src/main.c:461:5:main	16	static
../Core/Src/main.c:558:6:SystemClock_Config	88	static
../Core/Src/main.c:606:13:MX_TIM2_Init	64	static
../Core/Src/main.c:665:13:MX_TIM3_Init	64	static
../Core/Src/main.c:724:13:MX_USART2_UART_Init	8	static
../Core/Src/main.c:757:13:MX_USART3_UART_Init	8	static
../Core/Src/main.c:790:13:MX_GPIO_Init	48	static
../Core/Src/main.c:825:6:HAL_UART_RxCpltCallback	16	static
../Core/Src/main.c:839:6:Error_Handler	4	static,ignoring_inline_asm
