../Core/Src/ili9341.c:43:6:LCD_Init	8	static
../Core/Src/ili9341.c:149:6:LCD_CMD	16	static
../Core/Src/ili9341.c:167:6:LCD_DATA	16	static
../Core/Src/ili9341.c:176:6:SetWindows	24	static
../Core/Src/ili9341.c:193:6:LCD_Clear	24	static
../Core/Src/ili9341.c:213:6:H_line	32	static
../Core/Src/ili9341.c:233:6:V_line	32	static
../Core/Src/ili9341.c:253:6:Rect	24	static
../Core/Src/ili9341.c:263:6:FillRect	40	static
../Core/Src/ili9341.c:288:6:LCD_Print	104	dynamic
../Core/Src/ili9341.c:353:6:LCD_Bitmap	40	static
../Core/Src/ili9341.c:376:6:LCD_BitmapTransparent	40	static
../Core/Src/ili9341.c:399:6:LCD_Sprite	64	static
../Core/Src/ili9341.c:443:6:LCD_DibujarSpriteBuffer	72	static
