../Core/Src/main.c:218:6:FixColorEndianness	24	static
../Core/Src/main.c:225:5:colision	1744	static
../Core/Src/main.c:251:6:fondos	4832	static
../Core/Src/main.c:295:5:main	536	static
../Core/Src/main.c:1381:6:SystemClock_Config	88	static
../Core/Src/main.c:1429:13:MX_SPI1_Init	8	static
../Core/Src/main.c:1467:13:MX_TIM2_Init	32	static
../Core/Src/main.c:1512:13:MX_UART5_Init	8	static
../Core/Src/main.c:1545:13:MX_USART1_UART_Init	8	static
../Core/Src/main.c:1578:13:MX_USART2_UART_Init	8	static
../Core/Src/main.c:1611:13:MX_USART3_UART_Init	8	static
../Core/Src/main.c:1642:13:MX_DMA_Init	16	static
../Core/Src/main.c:1660:13:MX_GPIO_Init	48	static
../Core/Src/main.c:1714:6:HAL_SPI_TxCpltCallback	16	static
../Core/Src/main.c:1720:6:HAL_UART_RxCpltCallback	32	static
../Core/Src/main.c:1759:6:HAL_TIM_PeriodElapsedCallback	16	static
../Core/Src/main.c:1771:6:Error_Handler	4	static,ignoring_inline_asm
