../Core/Src/main.c:219:6:FixColorEndianness	24	static
../Core/Src/main.c:226:5:colision	1744	static
../Core/Src/main.c:252:6:fondos	4832	static
../Core/Src/main.c:296:5:main	536	static
../Core/Src/main.c:1382:6:SystemClock_Config	88	static
../Core/Src/main.c:1430:13:MX_SPI1_Init	8	static
../Core/Src/main.c:1468:13:MX_TIM2_Init	32	static
../Core/Src/main.c:1513:13:MX_UART5_Init	8	static
../Core/Src/main.c:1546:13:MX_USART1_UART_Init	8	static
../Core/Src/main.c:1579:13:MX_USART2_UART_Init	8	static
../Core/Src/main.c:1612:13:MX_USART3_UART_Init	8	static
../Core/Src/main.c:1643:13:MX_DMA_Init	16	static
../Core/Src/main.c:1661:13:MX_GPIO_Init	48	static
../Core/Src/main.c:1715:6:HAL_SPI_TxCpltCallback	16	static
../Core/Src/main.c:1721:6:HAL_UART_RxCpltCallback	32	static
../Core/Src/main.c:1760:6:HAL_TIM_PeriodElapsedCallback	16	static
../Core/Src/main.c:1772:6:Error_Handler	4	static,ignoring_inline_asm
