../Core/Src/main.c:218:6:FixColorEndianness	2
../Core/Src/main.c:225:5:colision	8
../Core/Src/main.c:251:6:fondos	4
../Core/Src/main.c:295:5:main	280
../Core/Src/main.c:1381:6:SystemClock_Config	3
../Core/Src/main.c:1429:13:MX_SPI1_Init	2
../Core/Src/main.c:1467:13:MX_TIM2_Init	4
../Core/Src/main.c:1512:13:MX_UART5_Init	2
../Core/Src/main.c:1545:13:MX_USART1_UART_Init	2
../Core/Src/main.c:1578:13:MX_USART2_UART_Init	2
../Core/Src/main.c:1611:13:MX_USART3_UART_Init	2
../Core/Src/main.c:1642:13:MX_DMA_Init	1
../Core/Src/main.c:1660:13:MX_GPIO_Init	1
../Core/Src/main.c:1714:6:HAL_SPI_TxCpltCallback	2
../Core/Src/main.c:1720:6:HAL_UART_RxCpltCallback	11
../Core/Src/main.c:1759:6:HAL_TIM_PeriodElapsedCallback	2
../Core/Src/main.c:1771:6:Error_Handler	1
