../Core/Src/main.c:192:5:main	55
../Core/Src/main.c:509:6:SystemClock_Config	3
../Core/Src/main.c:557:13:MX_SPI1_Init	2
../Core/Src/main.c:595:13:MX_TIM2_Init	4
../Core/Src/main.c:640:13:MX_USART1_UART_Init	2
../Core/Src/main.c:673:13:MX_USART2_UART_Init	2
../Core/Src/main.c:706:13:MX_USART3_UART_Init	2
../Core/Src/main.c:737:13:MX_DMA_Init	1
../Core/Src/main.c:755:13:MX_GPIO_Init	1
../Core/Src/main.c:808:6:HAL_SPI_TxCpltCallback	2
../Core/Src/main.c:814:6:HAL_UART_RxCpltCallback	11
../Core/Src/main.c:853:6:HAL_TIM_PeriodElapsedCallback	2
../Core/Src/main.c:865:6:Error_Handler	1
