Archive member included to satisfy reference by file (symbol)

C:/ST/STM32CubeIDE_2.1.0/STM32CubeIDE/plugins/com.st.stm32cube.ide.mcu.externaltools.gnu-tools-for-stm32.14.3.rel1.win32_1.0.100.202602081740/tools/bin/../lib/gcc/arm-none-eabi/14.3.1/../../../../arm-none-eabi/lib/thumb/v7e-m+fp/hard\libc_nano.a(libc_a-exit.o)
                              C:/ST/STM32CubeIDE_2.1.0/STM32CubeIDE/plugins/com.st.stm32cube.ide.mcu.externaltools.gnu-tools-for-stm32.14.3.rel1.win32_1.0.100.202602081740/tools/bin/../lib/gcc/arm-none-eabi/14.3.1/../../../../arm-none-eabi/lib/thumb/v7e-m+fp/hard/crt0.o (exit)
C:/ST/STM32CubeIDE_2.1.0/STM32CubeIDE/plugins/com.st.stm32cube.ide.mcu.externaltools.gnu-tools-for-stm32.14.3.rel1.win32_1.0.100.202602081740/tools/bin/../lib/gcc/arm-none-eabi/14.3.1/../../../../arm-none-eabi/lib/thumb/v7e-m+fp/hard\libc_nano.a(libc_a-rand.o)
                              ./Core/Src/main.o (rand)
C:/ST/STM32CubeIDE_2.1.0/STM32CubeIDE/plugins/com.st.stm32cube.ide.mcu.externaltools.gnu-tools-for-stm32.14.3.rel1.win32_1.0.100.202602081740/tools/bin/../lib/gcc/arm-none-eabi/14.3.1/../../../../arm-none-eabi/lib/thumb/v7e-m+fp/hard\libc_nano.a(libc_a-findfp.o)
                              C:/ST/STM32CubeIDE_2.1.0/STM32CubeIDE/plugins/com.st.stm32cube.ide.mcu.externaltools.gnu-tools-for-stm32.14.3.rel1.win32_1.0.100.202602081740/tools/bin/../lib/gcc/arm-none-eabi/14.3.1/../../../../arm-none-eabi/lib/thumb/v7e-m+fp/hard\libc_nano.a(libc_a-exit.o) (__stdio_exit_handler)
C:/ST/STM32CubeIDE_2.1.0/STM32CubeIDE/plugins/com.st.stm32cube.ide.mcu.externaltools.gnu-tools-for-stm32.14.3.rel1.win32_1.0.100.202602081740/tools/bin/../lib/gcc/arm-none-eabi/14.3.1/../../../../arm-none-eabi/lib/thumb/v7e-m+fp/hard\libc_nano.a(libc_a-fwalk.o)
                              C:/ST/STM32CubeIDE_2.1.0/STM32CubeIDE/plugins/com.st.stm32cube.ide.mcu.externaltools.gnu-tools-for-stm32.14.3.rel1.win32_1.0.100.202602081740/tools/bin/../lib/gcc/arm-none-eabi/14.3.1/../../../../arm-none-eabi/lib/thumb/v7e-m+fp/hard\libc_nano.a(libc_a-findfp.o) (_fwalk_sglue)
C:/ST/STM32CubeIDE_2.1.0/STM32CubeIDE/plugins/com.st.stm32cube.ide.mcu.externaltools.gnu-tools-for-stm32.14.3.rel1.win32_1.0.100.202602081740/tools/bin/../lib/gcc/arm-none-eabi/14.3.1/../../../../arm-none-eabi/lib/thumb/v7e-m+fp/hard\libc_nano.a(libc_a-sscanf.o)
                              ./Core/Src/main.o (sscanf)
C:/ST/STM32CubeIDE_2.1.0/STM32CubeIDE/plugins/com.st.stm32cube.ide.mcu.externaltools.gnu-tools-for-stm32.14.3.rel1.win32_1.0.100.202602081740/tools/bin/../lib/gcc/arm-none-eabi/14.3.1/../../../../arm-none-eabi/lib/thumb/v7e-m+fp/hard\libc_nano.a(libc_a-stdio.o)
                              C:/ST/STM32CubeIDE_2.1.0/STM32CubeIDE/plugins/com.st.stm32cube.ide.mcu.externaltools.gnu-tools-for-stm32.14.3.rel1.win32_1.0.100.202602081740/tools/bin/../lib/gcc/arm-none-eabi/14.3.1/../../../../arm-none-eabi/lib/thumb/v7e-m+fp/hard\libc_nano.a(libc_a-findfp.o) (__sread)
C:/ST/STM32CubeIDE_2.1.0/STM32CubeIDE/plugins/com.st.stm32cube.ide.mcu.externaltools.gnu-tools-for-stm32.14.3.rel1.win32_1.0.100.202602081740/tools/bin/../lib/gcc/arm-none-eabi/14.3.1/../../../../arm-none-eabi/lib/thumb/v7e-m+fp/hard\libc_nano.a(libc_a-memset.o)
                              C:/ST/STM32CubeIDE_2.1.0/STM32CubeIDE/plugins/com.st.stm32cube.ide.mcu.externaltools.gnu-tools-for-stm32.14.3.rel1.win32_1.0.100.202602081740/tools/bin/../lib/gcc/arm-none-eabi/14.3.1/../../../../arm-none-eabi/lib/thumb/v7e-m+fp/hard/crt0.o (memset)
C:/ST/STM32CubeIDE_2.1.0/STM32CubeIDE/plugins/com.st.stm32cube.ide.mcu.externaltools.gnu-tools-for-stm32.14.3.rel1.win32_1.0.100.202602081740/tools/bin/../lib/gcc/arm-none-eabi/14.3.1/../../../../arm-none-eabi/lib/thumb/v7e-m+fp/hard\libc_nano.a(libc_a-closer.o)
                              C:/ST/STM32CubeIDE_2.1.0/STM32CubeIDE/plugins/com.st.stm32cube.ide.mcu.externaltools.gnu-tools-for-stm32.14.3.rel1.win32_1.0.100.202602081740/tools/bin/../lib/gcc/arm-none-eabi/14.3.1/../../../../arm-none-eabi/lib/thumb/v7e-m+fp/hard\libc_nano.a(libc_a-stdio.o) (_close_r)
C:/ST/STM32CubeIDE_2.1.0/STM32CubeIDE/plugins/com.st.stm32cube.ide.mcu.externaltools.gnu-tools-for-stm32.14.3.rel1.win32_1.0.100.202602081740/tools/bin/../lib/gcc/arm-none-eabi/14.3.1/../../../../arm-none-eabi/lib/thumb/v7e-m+fp/hard\libc_nano.a(libc_a-reent.o)
                              C:/ST/STM32CubeIDE_2.1.0/STM32CubeIDE/plugins/com.st.stm32cube.ide.mcu.externaltools.gnu-tools-for-stm32.14.3.rel1.win32_1.0.100.202602081740/tools/bin/../lib/gcc/arm-none-eabi/14.3.1/../../../../arm-none-eabi/lib/thumb/v7e-m+fp/hard\libc_nano.a(libc_a-closer.o) (errno)
C:/ST/STM32CubeIDE_2.1.0/STM32CubeIDE/plugins/com.st.stm32cube.ide.mcu.externaltools.gnu-tools-for-stm32.14.3.rel1.win32_1.0.100.202602081740/tools/bin/../lib/gcc/arm-none-eabi/14.3.1/../../../../arm-none-eabi/lib/thumb/v7e-m+fp/hard\libc_nano.a(libc_a-impure.o)
[...]
Memory Configuration

Name             Origin             Length             Attributes
RAM              0x20000000         0x00020000         xrw
FLASH            0x08000000         0x00080000         xr
*default*        0x00000000         0xffffffff

Linker script and memory map

LOAD C:/ST/STM32CubeIDE_2.1.0/STM32CubeIDE/plugins/com.st.stm32cube.ide.mcu.externaltools.gnu-tools-for-stm32.14.3.rel1.win32_1.0.100.202602081740/tools/bin/../lib/gcc/arm-none-eabi/14.3.1/thumb/v7e-m+fp/hard/crti.o
LOAD C:/ST/STM32CubeIDE_2.1.0/STM32CubeIDE/plugins/com.st.stm32cube.ide.mcu.externaltools.gnu-tools-for-stm32.14.3.rel1.win32_1.0.100.202602081740/tools/bin/../lib/gcc/arm-none-eabi/14.3.1/thumb/v7e-m+fp/hard/crtbegin.o
LOAD C:/ST/STM32CubeIDE_2.1.0/STM32CubeIDE/plugins/com.st.stm32cube.ide.mcu.externaltools.gnu-tools-for-stm32.14.3.rel1.win32_1.0.100.202602081740/tools/bin/../lib/gcc/arm-none-eabi/14.3.1/../../../../arm-none-eabi/lib/thumb/v7e-m+fp/hard/crt0.o
LOAD ./Core/Src/fatfs_sd.o
LOAD ./Core/Src/font.o
LOAD ./Core/Src/graficos.o
LOAD ./Core/Src/ili9341.o
LOAD ./Core/Src/main.o
LOAD ./Core/Src/stm32f4xx_hal_msp.o
LOAD ./Core/Src/stm32f4xx_it.o
LOAD ./Core/Src/syscalls.o
LOAD ./Core/Src/sysmem.o
LOAD ./Core/Src/system_stm32f4xx.o
LOAD ./Core/Startup/startup_stm32f446retx.o
LOAD ./Drivers/STM32F4xx_HAL_Driver/Src/stm32f4xx_hal.o
LOAD ./Drivers/STM32F4xx_HAL_Driver/Src/stm32f4xx_hal_cortex.o
LOAD ./Drivers/STM32F4xx_HAL_Driver/Src/stm32f4xx_hal_dma.o
LOAD ./Drivers/STM32F4xx_HAL_Driver/Src/stm32f4xx_hal_dma_ex.o
LOAD ./Drivers/STM32F4xx_HAL_Driver/Src/stm32f4xx_hal_exti.o
LOAD ./Drivers/STM32F4xx_HAL_Driver/Src/stm32f4xx_hal_flash.o
LOAD ./Drivers/STM32F4xx_HAL_Driver/Src/stm32f4xx_hal_flash_ex.o
LOAD ./Drivers/STM32F4xx_HAL_Driver/Src/stm32f4xx_hal_flash_ramfunc.o
LOAD ./Drivers/STM32F4xx_HAL_Driver/Src/stm32f4xx_hal_gpio.o
LOAD ./Drivers/STM32F4xx_HAL_Driver/Src/stm32f4xx_hal_pwr.o
LOAD ./Drivers/STM32F4xx_HAL_Driver/Src/stm32f4xx_hal_pwr_ex.o
LOAD ./Drivers/STM32F4xx_HAL_Driver/Src/stm32f4xx_hal_rcc.o
LOAD ./Drivers/STM32F4xx_HAL_Driver/Src/stm32f4xx_hal_rcc_ex.o
LOAD ./Drivers/STM32F4xx_HAL_Driver/Src/stm32f4xx_hal_spi.o
LOAD ./Drivers/STM32F4xx_HAL_Driver/Src/stm32f4xx_hal_tim.o
LOAD ./Drivers/STM32F4xx_HAL_Driver/Src/stm32f4xx_hal_tim_ex.o
LOAD ./Drivers/STM32F4xx_HAL_Driver/Src/stm32f4xx_hal_uart.o
LOAD ./FATFS/App/fatfs.o
LOAD ./FATFS/Target/user_diskio.o
LOAD ./Middlewares/Third_Party/FatFs/src/diskio.o
LOAD ./Middlewares/Third_Party/FatFs/src/ff.o
LOAD ./Middlewares/Third_Party/FatFs/src/ff_gen_drv.o
LOAD ./Middlewares/Third_Party/FatFs/src/option/ccsbcs.o
LOAD ./Middlewares/Third_Party/FatFs/src/option/syscall.o
START GROUP
LOAD C:/ST/STM32CubeIDE_2.1.0/STM32CubeIDE/plugins/com.st.stm32cube.ide.mcu.externaltools.gnu-tools-for-stm32.14.3.rel1.win32_1.0.100.202602081740/tools/bin/../lib/gcc/arm-none-eabi/14.3.1/../../../../arm-none-eabi/lib/thumb/v7e-m+fp/hard\libc_nano.a
LOAD C:/ST/STM32CubeIDE_2.1.0/STM32CubeIDE/plugins/com.st.stm32cube.ide.mcu.externaltools.gnu-tools-for-stm32.14.3.rel1.win32_1.0.100.202602081740/tools/bin/../lib/gcc/arm-none-eabi/14.3.1/../../../../arm-none-eabi/lib/thumb/v7e-m+fp/hard\libm.a
END GROUP
START GROUP
LOAD C:/ST/STM32CubeIDE_2.1.0/STM32CubeIDE/plugins/com.st.stm32cube.ide.mcu.externaltools.gnu-tools-for-stm32.14.3.rel1.win32_1.0.100.202602081740/tools/bin/../lib/gcc/arm-none-eabi/14.3.1/thumb/v7e-m+fp/hard\libgcc.a
LOAD C:/ST/STM32CubeIDE_2.1.0/STM32CubeIDE/plugins/com.st.stm32cube.ide.mcu.externaltools.gnu-tools-for-stm32.14.3.rel1.win32_1.0.100.202602081740/tools/bin/../lib/gcc/arm-none-eabi/14.3.1/../../../../arm-none-eabi/lib/thumb/v7e-m+fp/hard\libc_nano.a
END GROUP
START GROUP
LOAD C:/ST/STM32CubeIDE_2.1.0/STM32CubeIDE/plugins/com.st.stm32cube.ide.mcu.externaltools.gnu-tools-for-stm32.14.3.rel1.win32_1.0.100.202602081740/tools/bin/../lib/gcc/arm-none-eabi/14.3.1/thumb/v7e-m+fp/hard\libgcc.a
LOAD C:/ST/STM32CubeIDE_2.1.0/STM32CubeIDE/plugins/com.st.stm32cube.ide.mcu.externaltools.gnu-tools-for-stm32.14.3.rel1.win32_1.0.100.202602081740/tools/bin/../lib/gcc/arm-none-eabi/14.3.1/../../../../arm-none-eabi/lib/thumb/v7e-m+fp/hard\libc_nano.a
LOAD C:/ST/STM32CubeIDE_2.1.0/STM32CubeIDE/plugins/com.st.stm32cube.ide.mcu.externaltools.gnu-tools-for-stm32.14.3.rel1.win32_1.0.100.202602081740/tools/bin/../lib/gcc/arm-none-eabi/14.3.1/../../../../arm-none-eabi/lib/thumb/v7e-m+fp/hard\libnosys.a
END GROUP
START GROUP
LOAD C:/ST/STM32CubeIDE_2.1.0/STM32CubeIDE/plugins/com.st.stm32cube.ide.mcu.externaltools.gnu-tools-for-stm32.14.3.rel1.win32_1.0.100.202602081740/tools/bin/../lib/gcc/arm-none-eabi/14.3.1/thumb/v7e-m+fp/hard\libgcc.a
LOAD C:/ST/STM32CubeIDE_2.1.0/STM32CubeIDE/plugins/com.st.stm32cube.ide.mcu.externaltools.gnu-tools-for-stm32.14.3.rel1.win32_1.0.100.202602081740/tools/bin/../lib/gcc/arm-none-eabi/14.3.1/../../../../arm-none-eabi/lib/thumb/v7e-m+fp/hard\libc_nano.a
LOAD C:/ST/STM32CubeIDE_2.1.0/STM32CubeIDE/plugins/com.st.stm32cube.ide.mcu.externaltools.gnu-tools-for-stm32.14.3.rel1.win32_1.0.100.202602081740/tools/bin/../lib/gcc/arm-none-eabi/14.3.1/../../../../arm-none-eabi/lib/thumb/v7e-m+fp/hard\libnosys.a
END GROUP
LOAD C:/ST/STM32CubeIDE_2.1.0/STM32CubeIDE/plugins/com.st.stm32cube.ide.mcu.externaltools.gnu-tools-for-stm32.14.3.rel1.win32_1.0.100.202602081740/tools/bin/../lib/gcc/arm-none-eabi/14.3.1/thumb/v7e-m+fp/hard/crtend.o
LOAD C:/ST/STM32CubeIDE_2.1.0/STM32CubeIDE/plugins/com.st.stm32cube.ide.mcu.externaltools.gnu-tools-for-stm32.14.3.rel1.win32_1.0.100.202602081740/tools/bin/../lib/gcc/arm-none-eabi/14.3.1/thumb/v7e-m+fp/hard/crtn.o
                0x20020000                        _estack = (ORIGIN (RAM) + LENGTH (RAM))
                0x00000200                        _Min_Heap_Size = 0x200
                0x00000400                        _Min_Stack_Size = 0x400

.isr_vector     0x08000000      0x1c4
                0x08000000                        . = ALIGN (0x4)
 *(.isr_vector)
 .isr_vector    0x08000000      0x1c4 ./Core/Startup/startup_stm32f446retx.o
                0x08000000                g_pfnVectors
                0x080001c4                        . = ALIGN (0x4)

.text           0x080001d0    0x11090
                0x080001d0                        . = ALIGN (0x4)
 *(.text)
 .text          0x080001d0       0x40 C:/ST/STM32CubeIDE_2.1.0/STM32CubeIDE/plugins/com.st.stm32cube.ide.mcu.externaltools.gnu-tools-for-stm32.14.3.rel1.win32_1.0.100.202602081740/tools/bin/../lib/gcc/arm-none-eabi/14.3.1/thumb/v7e-m+fp/hard/crtbegin.o
 .text          0x08000210       0x10 C:/ST/STM32CubeIDE_2.1.0/STM32CubeIDE/plugins/com.st.stm32cube.ide.mcu.externaltools.gnu-tools-for-stm32.14.3.rel1.win32_1.0.100.202602081740/tools/bin/../lib/gcc/arm-none-eabi/14.3.1/../../../../arm-none-eabi/lib/thumb/v7e-m+fp/hard\libc_nano.a(libc_a-strlen.o)
                0x08000210                strlen
 .text          0x08000220       0xa0 C:/ST/STM32CubeIDE_2.1.0/STM32CubeIDE/plugins/com.st.stm32cube.ide.mcu.externaltools.gnu-tools-for-stm32.14.3.rel1.win32_1.0.100.202602081740/tools/bin/../lib/gcc/arm-none-eabi/14.3.1/../../../../arm-none-eabi/lib/thumb/v7e-m+fp/hard\libc_nano.a(libc_a-memchr.o)
                0x08000220                memchr
 .text          0x080002c0       0x30 C:/ST/STM32CubeIDE_2.1.0/STM32CubeIDE/plugins/com.st.stm32cube.ide.mcu.externaltools.gnu-tools-for-stm32.14.3.rel1.win32_1.0.100.202602081740/tools/bin/../lib/gcc/arm-none-eabi/14.3.1/thumb/v7e-m+fp/hard\libgcc.a(_aeabi_uldivmod.o)
                0x080002c0                __aeabi_uldivmod
 .text          0x080002f0      0x2f8 C:/ST/STM32CubeIDE_2.1.0/STM32CubeIDE/plugins/com.st.stm32cube.ide.mcu.externaltools.gnu-tools-for-stm32.14.3.rel1.win32_1.0.100.202602081740/tools/bin/../lib/gcc/arm-none-eabi/14.3.1/thumb/v7e-m+fp/hard\libgcc.a(_udivmoddi4.o)
                0x080002f0                __udivmoddi4
 .text          0x080005e8        0x4 C:/ST/STM32CubeIDE_2.1.0/STM32CubeIDE/plugins/com.st.stm32cube.ide.mcu.externaltools.gnu-tools-for-stm32.14.3.rel1.win32_1.0.100.202602081740/tools/bin/../lib/gcc/arm-none-eabi/14.3.1/thumb/v7e-m+fp/hard\libgcc.a(_dvmd_tls.o)
                0x080005e8                __aeabi_idiv0
                0x080005e8                __aeabi_ldiv0
 *(.text*)
 .text.SELECT   0x080005ec       0x1c ./Core/Src/fatfs_sd.o
 .text.DESELECT
                0x08000608       0x1c ./Core/Src/fatfs_sd.o
 .text.SPI_TxByte
                0x08000624       0x34 ./Core/Src/fatfs_sd.o
 .text.SPI_TxBuffer
                0x08000658       0x34 ./Core/Src/fatfs_sd.o
 .text.SPI_RxByte
                0x0800068c       0x38 ./Core/Src/fatfs_sd.o
 .text.SPI_RxBytePtr
                0x080006c4       0x1c ./Core/Src/fatfs_sd.o
 .text.SD_ReadyWait
                0x080006e0       0x34 ./Core/Src/fatfs_sd.o
 .text.SD_PowerOn
                0x08000714       0x84 ./Core/Src/fatfs_sd.o
 .text.SD_PowerOff
                0x08000798       0x18 ./Core/Src/fatfs_sd.o
 .text.SD_CheckPower
                0x080007b0       0x18 ./Core/Src/fatfs_sd.o
 .text.SD_RxDataBlock
                0x080007c8       0x60 ./Core/Src/fatfs_sd.o
 .text.SD_TxDataBlock
                0x08000828       0xa0 ./Core/Src/fatfs_sd.o
 .text.SD_SendCmd
                0x080008c8       0xa8 ./Core/Src/fatfs_sd.o
 .text.SD_disk_initialize
                0x08000970      0x1d8 ./Core/Src/fatfs_sd.o
                0x08000970                SD_disk_initialize
 .text.SD_disk_status
                0x08000b48       0x2c ./Core/Src/fatfs_sd.o
                0x08000b48                SD_disk_status
 .text.SD_disk_read
                0x08000b74       0xd4 ./Core/Src/fatfs_sd.o
                0x08000b74                SD_disk_read
 .text.SD_disk_write
                0x08000c48      0x108 ./Core/Src/fatfs_sd.o
                0x08000c48                SD_disk_write
 .text.SD_disk_ioctl
                0x08000d50      0x25c ./Core/Src/fatfs_sd.o
                0x08000d50                SD_disk_ioctl
 .text.LCD_Init
                0x08000fac      0x1f8 ./Core/Src/ili9341.o
                0x08000fac                LCD_Init
 .text.LCD_CMD  0x080011a4       0x68 ./Core/Src/ili9341.o
                0x080011a4                LCD_CMD
 .text.LCD_DATA
                0x0800120c       0x40 ./Core/Src/ili9341.o
                0x0800120c                LCD_DATA
 .text.SetWindows
                0x0800124c       0x80 ./Core/Src/ili9341.o
                0x0800124c                SetWindows
 .text.LCD_Clear
                0x080012cc       0x78 ./Core/Src/ili9341.o
                0x080012cc                LCD_Clear
 .text.H_line   0x08001344       0x74 ./Core/Src/ili9341.o
                0x08001344                H_line
 .text.V_line   0x080013b8       0x74 ./Core/Src/ili9341.o
                0x080013b8                V_line
 .text.Rect     0x0800142c       0x4e ./Core/Src/ili9341.o
                0x0800142c                Rect
 *fill*         0x0800147a        0x2 
 .text.LCD_Print
                0x0800147c      0x1d0 ./Core/Src/ili9341.o
                0x0800147c                LCD_Print
 .text.LCD_Bitmap
                0x0800164c       0x90 ./Core/Src/ili9341.o
                0x0800164c                LCD_Bitmap
 .text.LCD_DibujarSpriteBuffer
                0x080016dc       0xd8 ./Core/Src/ili9341.o
                0x080016dc                LCD_DibujarSpriteBuffer
 .text.LCD_Bitmap_DMA
                0x080017b4       0x9c ./Core/Src/ili9341.o
                0x080017b4                LCD_Bitmap_DMA
 .text.LCD_DibujarSpriteUniversal
                0x08001850       0xf0 ./Core/Src/ili9341.o
                0x08001850                LCD_DibujarSpriteUniversal
 .text.EjecutarAnimacion
                0x08001940      0x140 ./Core/Src/ili9341.o
                0x08001940                EjecutarAnimacion
 .text.ProcesarEnemigo
                0x08001a80      0x400 ./Core/Src/ili9341.o
                0x08001a80                ProcesarEnemigo
 .text.FixColorEndianness
                0x08001e80       0x5c ./Core/Src/main.o
                0x08001e80                FixColorEndianness
 .text.colision
                0x08001edc      0x1bc ./Core/Src/main.o
                0x08001edc                colision
 .text.fondos   0x08002098      0x17c ./Core/Src/main.o
                0x08002098                fondos
 .text.main     0x08002214     0x5a70 ./Core/Src/main.o
                0x08002214                main
 .text.SystemClock_Config
                0x08007c84       0xdc ./Core/Src/main.o
                0x08007c84                SystemClock_Config
 .text.MX_SPI1_Init
                0x08007d60       0x6c ./Core/Src/main.o
 .text.MX_TIM2_Init
                0x08007dcc       0x98 ./Core/Src/main.o
 .text.MX_UART5_Init
                0x08007e64       0x54 ./Core/Src/main.o
 .text.MX_USART1_UART_Init
                0x08007eb8       0x54 ./Core/Src/main.o
 .text.MX_USART2_UART_Init
                0x08007f0c       0x54 ./Core/Src/main.o
 .text.MX_USART3_UART_Init
                0x08007f60       0x54 ./Core/Src/main.o
 .text.MX_DMA_Init
                0x08007fb4       0x40 ./Core/Src/main.o
 .text.MX_GPIO_Init
                0x08007ff4      0x148 ./Core/Src/main.o
 .text.HAL_SPI_TxCpltCallback
                0x0800813c       0x2c ./Core/Src/main.o
                0x0800813c                HAL_SPI_TxCpltCallback
 .text.HAL_UART_RxCpltCallback
                0x08008168      0x168 ./Core/Src/main.o
                0x08008168                HAL_UART_RxCpltCallback
 .text.HAL_TIM_PeriodElapsedCallback
                0x080082d0       0x2c ./Core/Src/main.o
                0x080082d0                HAL_TIM_PeriodElapsedCallback
 .text.Error_Handler
                0x080082fc        0xc ./Core/Src/main.o
                0x080082fc                Error_Handler
 .text.HAL_MspInit
                0x08008308       0x50 ./Core/Src/stm32f4xx_hal_msp.o
                0x08008308                HAL_MspInit
 .text.HAL_SPI_MspInit
                0x08008358       0xf4 ./Core/Src/stm32f4xx_hal_msp.o
                0x08008358                HAL_SPI_MspInit
 .text.HAL_TIM_Base_MspInit
                0x0800844c       0x4c ./Core/Src/stm32f4xx_hal_msp.o
                0x0800844c                HAL_TIM_Base_MspInit
 .text.HAL_UART_MspInit
                0x08008498      0x280 ./Core/Src/stm32f4xx_hal_msp.o
                0x08008498                HAL_UART_MspInit
 .text.NMI_Handler
                0x08008718        0x8 ./Core/Src/stm32f4xx_it.o
                0x08008718                NMI_Handler
 .text.HardFault_Handler
                0x08008720        0x8 ./Core/Src/stm32f4xx_it.o
                0x08008720                HardFault_Handler
 .text.MemManage_Handler
                0x08008728        0x8 ./Core/Src/stm32f4xx_it.o
                0x08008728                MemManage_Handler
 .text.BusFault_Handler
                0x08008730        0x8 ./Core/Src/stm32f4xx_it.o
                0x08008730                BusFault_Handler
 .text.UsageFault_Handler
                0x08008738        0x8 ./Core/Src/stm32f4xx_it.o
                0x08008738                UsageFault_Handler
 .text.SVC_Handler
                0x08008740        0xe ./Core/Src/stm32f4xx_it.o
                0x08008740                SVC_Handler
 .text.DebugMon_Handler
                0x0800874e        0xe ./Core/Src/stm32f4xx_it.o
                0x0800874e                DebugMon_Handler
 .text.PendSV_Handler
                0x0800875c        0xe ./Core/Src/stm32f4xx_it.o
                0x0800875c                PendSV_Handler
 *fill*         0x0800876a        0x2 
 .text.SysTick_Handler
                0x0800876c       0x48 ./Core/Src/stm32f4xx_it.o
                0x0800876c                SysTick_Handler
 .text.TIM2_IRQHandler
                0x080087b4       0x14 ./Core/Src/stm32f4xx_it.o
                0x080087b4                TIM2_IRQHandler
 .text.USART1_IRQHandler
                0x080087c8       0x14 ./Core/Src/stm32f4xx_it.o
                0x080087c8                USART1_IRQHandler
 .text.USART2_IRQHandler
                0x080087dc       0x14 ./Core/Src/stm32f4xx_it.o
                0x080087dc                USART2_IRQHandler
 .text.USART3_IRQHandler
                0x080087f0       0x14 ./Core/Src/stm32f4xx_it.o
                0x080087f0                USART3_IRQHandler
 .text.DMA2_Stream3_IRQHandler
                0x08008804       0x14 ./Core/Src/stm32f4xx_it.o
                0x08008804                DMA2_Stream3_IRQHandler
 .text._getpid  0x08008818       0x10 ./Core/Src/syscalls.o
                0x08008818                _getpid
 .text._kill    0x08008828       0x20 ./Core/Src/syscalls.o
                0x08008828                _kill
 .text._exit    0x08008848       0x16 ./Core/Src/syscalls.o
                0x08008848                _exit
 .text._read    0x0800885e       0x3a ./Core/Src/syscalls.o
                0x0800885e                _read
 .text._write   0x08008898       0x38 ./Core/Src/syscalls.o
                0x08008898                _write
 .text._close   0x080088d0       0x18 ./Core/Src/syscalls.o
                0x080088d0                _close
 .text._fstat   0x080088e8       0x20 ./Core/Src/syscalls.o
                0x080088e8                _fstat
 .text._isatty  0x08008908       0x16 ./Core/Src/syscalls.o
                0x08008908                _isatty
 .text._lseek   0x0800891e       0x1a ./Core/Src/syscalls.o
                0x0800891e                _lseek
 .text._sbrk    0x08008938       0x6c ./Core/Src/sysmem.o
                0x08008938                _sbrk
 .text.SystemInit
                0x080089a4       0x24 ./Core/Src/system_stm32f4xx.o
                0x080089a4                SystemInit
 .text.Reset_Handler
                0x080089c8       0x50 ./Core/Startup/startup_stm32f446retx.o
                0x080089c8                Reset_Handler
 .text.Default_Handler
                0x08008a18        0x2 ./Core/Startup/startup_stm32f446retx.o
                0x08008a18                RTC_Alarm_IRQHandler
                0x08008a18                EXTI2_IRQHandler
                0x08008a18                TIM8_CC_IRQHandler
                0x08008a18                FMPI2C1_EV_IRQHandler
                0x08008a18                SPI4_IRQHandler
                0x08008a18                TIM1_CC_IRQHandler
                0x08008a18                DMA2_Stream5_IRQHandler
                0x08008a18                DMA1_Stream5_IRQHandler
                0x08008a18                PVD_IRQHandler
                0x08008a18                SDIO_IRQHandler
                0x08008a18                TAMP_STAMP_IRQHandler
                0x08008a18                CAN2_RX1_IRQHandler
                0x08008a18                EXTI3_IRQHandler
                0x08008a18                TIM8_TRG_COM_TIM14_IRQHandler
                0x08008a18                TIM1_UP_TIM10_IRQHandler
                0x08008a18                TIM8_UP_TIM13_IRQHandler
                0x08008a18                I2C3_ER_IRQHandler
                0x08008a18                EXTI0_IRQHandler
                0x08008a18                I2C2_EV_IRQHandler
                0x08008a18                DMA1_Stream2_IRQHandler
                0x08008a18                CAN1_RX0_IRQHandler
                0x08008a18                FPU_IRQHandler
                0x08008a18                OTG_HS_WKUP_IRQHandler
                0x08008a18                CAN2_SCE_IRQHandler
                0x08008a18                DMA2_Stream2_IRQHandler
                0x08008a18                SPI1_IRQHandler
                0x08008a18                TIM6_DAC_IRQHandler
                0x08008a18                TIM1_BRK_TIM9_IRQHandler
                0x08008a18                DCMI_IRQHandler
                0x08008a18                CAN2_RX0_IRQHandler
                0x08008a18                SAI2_IRQHandler
                0x08008a18                USART6_IRQHandler
                0x08008a18                CAN1_RX1_IRQHandler
                0x08008a18                UART5_IRQHandler
                0x08008a18                DMA2_Stream0_IRQHandler
                0x08008a18                TIM4_IRQHandler
                0x08008a18                QUADSPI_IRQHandler
                0x08008a18                I2C1_EV_IRQHandler
                0x08008a18                DMA1_Stream6_IRQHandler
                0x08008a18                DMA1_Stream1_IRQHandler
                0x08008a18                UART4_IRQHandler
                0x08008a18                TIM3_IRQHandler
                0x08008a18                RCC_IRQHandler
                0x08008a18                TIM8_BRK_TIM12_IRQHandler
                0x08008a18                Default_Handler
                0x08008a18                CEC_IRQHandler
                0x08008a18                EXTI15_10_IRQHandler
                0x08008a18                ADC_IRQHandler
                0x08008a18                DMA1_Stream7_IRQHandler
                0x08008a18                TIM7_IRQHandler
                0x08008a18                CAN2_TX_IRQHandler
                0x08008a18                TIM5_IRQHandler
                0x08008a18                DMA2_Stream7_IRQHandler
                0x08008a18                I2C3_EV_IRQHandler
                0x08008a18                EXTI9_5_IRQHandler
                0x08008a18                RTC_WKUP_IRQHandler
                0x08008a18                SPDIF_RX_IRQHandler
                0x08008a18                SPI2_IRQHandler
                0x08008a18                OTG_HS_EP1_IN_IRQHandler
                0x08008a18                DMA1_Stream0_IRQHandler
                0x08008a18                CAN1_TX_IRQHandler
                0x08008a18                FMPI2C1_ER_IRQHandler
                0x08008a18                EXTI4_IRQHandler
                0x08008a18                OTG_HS_EP1_OUT_IRQHandler
                0x08008a18                WWDG_IRQHandler
                0x08008a18                OTG_FS_WKUP_IRQHandler
                0x08008a18                TIM1_TRG_COM_TIM11_IRQHandler
                0x08008a18                OTG_HS_IRQHandler
                0x08008a18                EXTI1_IRQHandler
                0x08008a18                I2C2_ER_IRQHandler
                0x08008a18                DMA2_Stream1_IRQHandler
                0x08008a18                CAN1_SCE_IRQHandler
                0x08008a18                FLASH_IRQHandler
                0x08008a18                DMA2_Stream4_IRQHandler
                0x08008a18                OTG_FS_IRQHandler
                0x08008a18                SPI3_IRQHandler
                0x08008a18                DMA1_Stream4_IRQHandler
                0x08008a18                I2C1_ER_IRQHandler
                0x08008a18                FMC_IRQHandler
                0x08008a18                DMA2_Stream6_IRQHandler
                0x08008a18                SAI1_IRQHandler
                0x08008a18                DMA1_Stream3_IRQHandler
 *fill*         0x08008a1a        0x2 
 .text.HAL_Init
                0x08008a1c       0x44 ./Drivers/STM32F4xx_HAL_Driver/Src/stm32f4xx_hal.o
                0x08008a1c                HAL_Init
 .text.HAL_InitTick
                0x08008a60       0x60 ./Drivers/STM32F4xx_HAL_Driver/Src/stm32f4xx_hal.o
                0x08008a60                HAL_InitTick
 .text.HAL_IncTick
                0x08008ac0       0x28 ./Drivers/STM32F4xx_HAL_Driver/Src/stm32f4xx_hal.o
                0x08008ac0                HAL_IncTick
 .text.HAL_GetTick
                0x08008ae8       0x18 ./Drivers/STM32F4xx_HAL_Driver/Src/stm32f4xx_hal.o
                0x08008ae8                HAL_GetTick
 .text.HAL_Delay
                0x08008b00       0x48 ./Drivers/STM32F4xx_HAL_Driver/Src/stm32f4xx_hal.o
                0x08008b00                HAL_Delay
 .text.__NVIC_SetPriorityGrouping
                0x08008b48       0x48 ./Drivers/STM32F4xx_HAL_Driver/Src/stm32f4xx_hal_cortex.o
 .text.__NVIC_GetPriorityGrouping
                0x08008b90       0x1c ./Drivers/STM32F4xx_HAL_Driver/Src/stm32f4xx_hal_cortex.o
 .text.__NVIC_EnableIRQ
                0x08008bac       0x3c ./Drivers/STM32F4xx_HAL_Driver/Src/stm32f4xx_hal_cortex.o
 .text.__NVIC_SetPriority
                0x08008be8       0x54 ./Drivers/STM32F4xx_HAL_Driver/Src/stm32f4xx_hal_cortex.o
 .text.NVIC_EncodePriority
                0x08008c3c       0x66 ./Drivers/STM32F4xx_HAL_Driver/Src/stm32f4xx_hal_cortex.o
 *fill*         0x08008ca2        0x2 
 .text.SysTick_Config
                0x08008ca4       0x44 ./Drivers/STM32F4xx_HAL_Driver/Src/stm32f4xx_hal_cortex.o
 .text.HAL_NVIC_SetPriorityGrouping
                0x08008ce8       0x16 ./Drivers/STM32F4xx_HAL_Driver/Src/stm32f4xx_hal_cortex.o
                0x08008ce8                HAL_NVIC_SetPriorityGrouping
 .text.HAL_NVIC_SetPriority
                0x08008cfe       0x38 ./Drivers/STM32F4xx_HAL_Driver/Src/stm32f4xx_hal_cortex.o
                0x08008cfe                HAL_NVIC_SetPriority
 .text.HAL_NVIC_EnableIRQ
                0x08008d36       0x1c ./Drivers/STM32F4xx_HAL_Driver/Src/stm32f4xx_hal_cortex.o
                0x08008d36                HAL_NVIC_EnableIRQ
 .text.HAL_SYSTICK_Config
                0x08008d52       0x18 ./Drivers/STM32F4xx_HAL_Driver/Src/stm32f4xx_hal_cortex.o
                0x08008d52                HAL_SYSTICK_Config
 .text.HAL_SYSTICK_IRQHandler
                0x08008d6a        0xc ./Drivers/STM32F4xx_HAL_Driver/Src/stm32f4xx_hal_cortex.o
                0x08008d6a                HAL_SYSTICK_IRQHandler
 .text.HAL_SYSTICK_Callback
                0x08008d76        0xe ./Drivers/STM32F4xx_HAL_Driver/Src/stm32f4xx_hal_cortex.o
                0x08008d76                HAL_SYSTICK_Callback
 .text.HAL_DMA_Init
                0x08008d84      0x15c ./Drivers/STM32F4xx_HAL_Driver/Src/stm32f4xx_hal_dma.o
                0x08008d84                HAL_DMA_Init
 .text.HAL_DMA_Start_IT
                0x08008ee0       0xb0 ./Drivers/STM32F4xx_HAL_Driver/Src/stm32f4xx_hal_dma.o
                0x08008ee0                HAL_DMA_Start_IT
 .text.HAL_DMA_Abort
                0x08008f90       0xe0 ./Drivers/STM32F4xx_HAL_Driver/Src/stm32f4xx_hal_dma.o
                0x08008f90                HAL_DMA_Abort
 .text.HAL_DMA_Abort_IT
                0x08009070       0x44 ./Drivers/STM32F4xx_HAL_Driver/Src/stm32f4xx_hal_dma.o
                0x08009070                HAL_DMA_Abort_IT
 .text.HAL_DMA_IRQHandler
                0x080090b4      0x314 ./Drivers/STM32F4xx_HAL_Driver/Src/stm32f4xx_hal_dma.o
                0x080090b4                HAL_DMA_IRQHandler
 .text.DMA_SetConfig
                0x080093c8       0x5c ./Drivers/STM32F4xx_HAL_Driver/Src/stm32f4xx_hal_dma.o
 .text.DMA_CalcBaseAndBitshift
                0x08009424       0x6c ./Drivers/STM32F4xx_HAL_Driver/Src/stm32f4xx_hal_dma.o
 .text.DMA_CheckFifoParam
                0x08009490       0xf8 ./Drivers/STM32F4xx_HAL_Driver/Src/stm32f4xx_hal_dma.o
 .text.HAL_GPIO_Init
                0x08009588      0x328 ./Drivers/STM32F4xx_HAL_Driver/Src/stm32f4xx_hal_gpio.o
                0x08009588                HAL_GPIO_Init
 .text.HAL_GPIO_WritePin
                0x080098b0       0x32 ./Drivers/STM32F4xx_HAL_Driver/Src/stm32f4xx_hal_gpio.o
                0x080098b0                HAL_GPIO_WritePin
 *fill*         0x080098e2        0x2 
 .text.HAL_RCC_ClockConfig
                0x080098e4      0x1cc ./Drivers/STM32F4xx_HAL_Driver/Src/stm32f4xx_hal_rcc.o
                0x080098e4                HAL_RCC_ClockConfig
 .text.HAL_RCC_GetHCLKFreq
                0x08009ab0       0x18 ./Drivers/STM32F4xx_HAL_Driver/Src/stm32f4xx_hal_rcc.o
                0x08009ab0                HAL_RCC_GetHCLKFreq
 .text.HAL_RCC_GetPCLK1Freq
                0x08009ac8       0x28 ./Drivers/STM32F4xx_HAL_Driver/Src/stm32f4xx_hal_rcc.o
                0x08009ac8                HAL_RCC_GetPCLK1Freq
 .text.HAL_RCC_GetPCLK2Freq
                0x08009af0       0x28 ./Drivers/STM32F4xx_HAL_Driver/Src/stm32f4xx_hal_rcc.o
                0x08009af0                HAL_RCC_GetPCLK2Freq
 .text.HAL_RCC_GetSysClockFreq
                0x08009b18      0x460 ./Drivers/STM32F4xx_HAL_Driver/Src/stm32f4xx_hal_rcc_ex.o
                0x08009b18                HAL_RCC_GetSysClockFreq
 .text.HAL_RCC_OscConfig
                0x08009f78      0x53c ./Drivers/STM32F4xx_HAL_Driver/Src/stm32f4xx_hal_rcc_ex.o
                0x08009f78                HAL_RCC_OscConfig
 .text.HAL_SPI_Init
                0x0800a4b4      0x112 ./Drivers/STM32F4xx_HAL_Driver/Src/stm32f4xx_hal_spi.o
                0x0800a4b4                HAL_SPI_Init
 .text.HAL_SPI_Transmit
                0x0800a5c6      0x288 ./Drivers/STM32F4xx_HAL_Driver/Src/stm32f4xx_hal_spi.o
                0x0800a5c6                HAL_SPI_Transmit
 .text.HAL_SPI_TransmitReceive
                0x0800a84e      0x352 ./Drivers/STM32F4xx_HAL_Driver/Src/stm32f4xx_hal_spi.o
                0x0800a84e                HAL_SPI_TransmitReceive
 .text.HAL_SPI_Transmit_DMA
                0x0800aba0      0x164 ./Drivers/STM32F4xx_HAL_Driver/Src/stm32f4xx_hal_spi.o
                0x0800aba0                HAL_SPI_Transmit_DMA
 .text.HAL_SPI_TxHalfCpltCallback
                0x0800ad04       0x14 ./Drivers/STM32F4xx_HAL_Driver/Src/stm32f4xx_hal_spi.o
                0x0800ad04                HAL_SPI_TxHalfCpltCallback
 .text.HAL_SPI_ErrorCallback
                0x0800ad18       0x14 ./Drivers/STM32F4xx_HAL_Driver/Src/stm32f4xx_hal_spi.o
                0x0800ad18                HAL_SPI_ErrorCallback
 .text.SPI_DMATransmitCplt
                0x0800ad2c       0xa8 ./Drivers/STM32F4xx_HAL_Driver/Src/stm32f4xx_hal_spi.o
 .text.SPI_DMAHalfTransmitCplt
                0x0800add4       0x1c ./Drivers/STM32F4xx_HAL_Driver/Src/stm32f4xx_hal_spi.o
 .text.SPI_DMAError
                0x0800adf0       0x40 ./Drivers/STM32F4xx_HAL_Driver/Src/stm32f4xx_hal_spi.o
 .text.SPI_WaitFlagStateUntilTimeout
                0x0800ae30      0x110 ./Drivers/STM32F4xx_HAL_Driver/Src/stm32f4xx_hal_spi.o
 .text.SPI_EndRxTxTransaction
                0x0800af40       0xa8 ./Drivers/STM32F4xx_HAL_Driver/Src/stm32f4xx_hal_spi.o
 .text.HAL_TIM_Base_Init
                0x0800afe8       0x9e ./Drivers/STM32F4xx_HAL_Driver/Src/stm32f4xx_hal_tim.o
                0x0800afe8                HAL_TIM_Base_Init
 *fill*         0x0800b086        0x2 
 .text.HAL_TIM_Base_Start_IT
                0x0800b088       0xe0 ./Drivers/STM32F4xx_HAL_Driver/Src/stm32f4xx_hal_tim.o
                0x0800b088                HAL_TIM_Base_Start_IT
 .text.HAL_TIM_IRQHandler
                0x0800b168      0x1e0 ./Drivers/STM32F4xx_HAL_Driver/Src/stm32f4xx_hal_tim.o
                0x0800b168                HAL_TIM_IRQHandler
 .text.HAL_TIM_ConfigClockSource
                0x0800b348      0x18e ./Drivers/STM32F4xx_HAL_Driver/Src/stm32f4xx_hal_tim.o
                0x0800b348                HAL_TIM_ConfigClockSource
 .text.HAL_TIM_OC_DelayElapsedCallback
                0x0800b4d6       0x14 ./Drivers/STM32F4xx_HAL_Driver/Src/stm32f4xx_hal_tim.o
                0x0800b4d6                HAL_TIM_OC_DelayElapsedCallback
 .text.HAL_TIM_IC_CaptureCallback
                0x0800b4ea       0x14 ./Drivers/STM32F4xx_HAL_Driver/Src/stm32f4xx_hal_tim.o
                0x0800b4ea                HAL_TIM_IC_CaptureCallback
 .text.HAL_TIM_PWM_PulseFinishedCallback
                0x0800b4fe       0x14 ./Drivers/STM32F4xx_HAL_Driver/Src/stm32f4xx_hal_tim.o
                0x0800b4fe                HAL_TIM_PWM_PulseFinishedCallback
 .text.HAL_TIM_TriggerCallback
                0x0800b512       0x14 ./Drivers/STM32F4xx_HAL_Driver/Src/stm32f4xx_hal_tim.o
                0x0800b512                HAL_TIM_TriggerCallback
 *fill*         0x0800b526        0x2 
 .text.TIM_Base_SetConfig
                0x0800b528      0x14c ./Drivers/STM32F4xx_HAL_Driver/Src/stm32f4xx_hal_tim.o
                0x0800b528                TIM_Base_SetConfig
 .text.TIM_TI1_ConfigInputStage
                0x0800b674       0x5e ./Drivers/STM32F4xx_HAL_Driver/Src/stm32f4xx_hal_tim.o
 .text.TIM_TI2_ConfigInputStage
                0x0800b6d2       0x60 ./Drivers/STM32F4xx_HAL_Driver/Src/stm32f4xx_hal_tim.o
 .text.TIM_ITRx_SetConfig
                0x0800b732       0x36 ./Drivers/STM32F4xx_HAL_Driver/Src/stm32f4xx_hal_tim.o
 .text.TIM_ETR_SetConfig
                0x0800b768       0x40 ./Drivers/STM32F4xx_HAL_Driver/Src/stm32f4xx_hal_tim.o
                0x0800b768                TIM_ETR_SetConfig
 .text.HAL_TIMEx_MasterConfigSynchronization
                0x0800b7a8       0xf8 ./Drivers/STM32F4xx_HAL_Driver/Src/stm32f4xx_hal_tim_ex.o
                0x0800b7a8                HAL_TIMEx_MasterConfigSynchronization
 .text.HAL_TIMEx_CommutCallback
                0x0800b8a0       0x14 ./Drivers/STM32F4xx_HAL_Driver/Src/stm32f4xx_hal_tim_ex.o
                0x0800b8a0                HAL_TIMEx_CommutCallback
 .text.HAL_TIMEx_BreakCallback
                0x0800b8b4       0x14 ./Drivers/STM32F4xx_HAL_Driver/Src/stm32f4xx_hal_tim_ex.o
                0x0800b8b4                HAL_TIMEx_BreakCallback
 .text.HAL_UART_Init
                0x0800b8c8       0xa0 ./Drivers/STM32F4xx_HAL_Driver/Src/stm32f4xx_hal_uart.o
                0x0800b8c8                HAL_UART_Init
 .text.HAL_UART_Transmit
                0x0800b968      0x116 ./Drivers/STM32F4xx_HAL_Driver/Src/stm32f4xx_hal_uart.o
                0x0800b968                HAL_UART_Transmit
 .text.HAL_UART_Receive_IT
                0x0800ba7e       0x4a ./Drivers/STM32F4xx_HAL_Driver/Src/stm32f4xx_hal_uart.o
                0x0800ba7e                HAL_UART_Receive_IT
 .text.HAL_UART_IRQHandler
                0x0800bac8      0x554 ./Drivers/STM32F4xx_HAL_Driver/Src/stm32f4xx_hal_uart.o
                0x0800bac8                HAL_UART_IRQHandler
 .text.HAL_UART_TxCpltCallback
                0x0800c01c       0x14 ./Drivers/STM32F4xx_HAL_Driver/Src/stm32f4xx_hal_uart.o
                0x0800c01c                HAL_UART_TxCpltCallback
 .text.HAL_UART_ErrorCallback
                0x0800c030       0x14 ./Drivers/STM32F4xx_HAL_Driver/Src/stm32f4xx_hal_uart.o
                0x0800c030                HAL_UART_ErrorCallback
 .text.HAL_UARTEx_RxEventCallback
                0x0800c044       0x18 ./Drivers/STM32F4xx_HAL_Driver/Src/stm32f4xx_hal_uart.o
                0x0800c044                HAL_UARTEx_RxEventCallback
 .text.UART_WaitOnFlagUntilTimeout
                0x0800c05c       0xb2 ./Drivers/STM32F4xx_HAL_Driver/Src/stm32f4xx_hal_uart.o
 .text.UART_Start_Receive_IT
                0x0800c10e       0x74 ./Drivers/STM32F4xx_HAL_Driver/Src/stm32f4xx_hal_uart.o
                0x0800c10e                UART_Start_Receive_IT
 .text.UART_EndRxTransfer
                0x0800c182       0xc6 ./Drivers/STM32F4xx_HAL_Driver/Src/stm32f4xx_hal_uart.o
 .text.UART_DMAAbortOnError
                0x0800c248       0x22 ./Drivers/STM32F4xx_HAL_Driver/Src/stm32f4xx_hal_uart.o
 .text.UART_Transmit_IT
                0x0800c26a       0xa0 ./Drivers/STM32F4xx_HAL_Driver/Src/stm32f4xx_hal_uart.o
 .text.UART_EndTransmit_IT
                0x0800c30a       0x30 ./Drivers/STM32F4xx_HAL_Driver/Src/stm32f4xx_hal_uart.o
 .text.UART_Receive_IT
                0x0800c33a      0x17c ./Drivers/STM32F4xx_HAL_Driver/Src/stm32f4xx_hal_uart.o
 *fill*         0x0800c4b6        0x2 
 .text.UART_SetConfig
                0x0800c4b8      0x4e8 ./Drivers/STM32F4xx_HAL_Driver/Src/stm32f4xx_hal_uart.o
 .text.MX_FATFS_Init
                0x0800c9a0       0x24 ./FATFS/App/fatfs.o
                0x0800c9a0                MX_FATFS_Init
 .text.get_fattime
                0x0800c9c4       0x10 ./FATFS/App/fatfs.o
                0x0800c9c4                get_fattime
 .text.USER_initialize
                0x0800c9d4       0x1c ./FATFS/Target/user_diskio.o
                0x0800c9d4                USER_initialize
 .text.USER_status
                0x0800c9f0       0x1c ./FATFS/Target/user_diskio.o
                0x0800c9f0                USER_status
 .text.USER_read
                0x0800ca0c       0x26 ./FATFS/Target/user_diskio.o
                0x0800ca0c                USER_read
 .text.USER_write
                0x0800ca32       0x26 ./FATFS/Target/user_diskio.o
                0x0800ca32                USER_write
 .text.USER_ioctl
                0x0800ca58       0x26 ./FATFS/Target/user_diskio.o
                0x0800ca58                USER_ioctl
 *fill*         0x0800ca7e        0x2 
 .text.disk_status
                0x0800ca80       0x34 ./Middlewares/Third_Party/FatFs/src/diskio.o
                0x0800ca80                disk_status
 .text.disk_initialize
                0x0800cab4       0x50 ./Middlewares/Third_Party/FatFs/src/diskio.o
                0x0800cab4                disk_initialize
 .text.disk_read
                0x0800cb04       0x40 ./Middlewares/Third_Party/FatFs/src/diskio.o
                0x0800cb04                disk_read
 .text.disk_write
                0x0800cb44       0x40 ./Middlewares/Third_Party/FatFs/src/diskio.o
                0x0800cb44                disk_write
 .text.disk_ioctl
                0x0800cb84       0x3c ./Middlewares/Third_Party/FatFs/src/diskio.o
                0x0800cb84                disk_ioctl
 .text.ld_word  0x0800cbc0       0x32 ./Middlewares/Third_Party/FatFs/src/ff.o
 .text.ld_dword
                0x0800cbf2       0x46 ./Middlewares/Third_Party/FatFs/src/ff.o
 .text.st_word  0x0800cc38       0x36 ./Middlewares/Third_Party/FatFs/src/ff.o
 .text.st_dword
                0x0800cc6e       0x58 ./Middlewares/Third_Party/FatFs/src/ff.o
 .text.mem_cpy  0x0800ccc6       0x42 ./Middlewares/Third_Party/FatFs/src/ff.o
 .text.mem_set  0x0800cd08       0x36 ./Middlewares/Third_Party/FatFs/src/ff.o
 .text.mem_cmp  0x0800cd3e       0x4e ./Middlewares/Third_Party/FatFs/src/ff.o
 .text.chk_chr  0x0800cd8c       0x36 ./Middlewares/Third_Party/FatFs/src/ff.o
 *fill*         0x0800cdc2        0x2 
 .text.chk_lock
                0x0800cdc4       0xb8 ./Middlewares/Third_Party/FatFs/src/ff.o
 .text.enq_lock
                0x0800ce7c       0x44 ./Middlewares/Third_Party/FatFs/src/ff.o
 .text.inc_lock
                0x0800cec0      0x11c ./Middlewares/Third_Party/FatFs/src/ff.o
 .text.dec_lock
                0x0800cfdc       0x78 ./Middlewares/Third_Party/FatFs/src/ff.o
 .text.clear_lock
                0x0800d054       0x48 ./Middlewares/Third_Party/FatFs/src/ff.o
 .text.sync_window
                0x0800d09c       0x88 ./Middlewares/Third_Party/FatFs/src/ff.o
 .text.move_window
                0x0800d124       0x5a ./Middlewares/Third_Party/FatFs/src/ff.o
 *fill*         0x0800d17e        0x2 
 .text.sync_fs  0x0800d180       0xe0 ./Middlewares/Third_Party/FatFs/src/ff.o
 .text.clust2sect
                0x0800d260       0x3e ./Middlewares/Third_Party/FatFs/src/ff.o
 .text.get_fat  0x0800d29e      0x1a6 ./Middlewares/Third_Party/FatFs/src/ff.o
 .text.put_fat  0x0800d444      0x234 ./Middlewares/Third_Party/FatFs/src/ff.o
 .text.remove_chain
                0x0800d678       0xca ./Middlewares/Third_Party/FatFs/src/ff.o
 .text.create_chain
                0x0800d742      0x130 ./Middlewares/Third_Party/FatFs/src/ff.o
 .text.clmt_clust
                0x0800d872       0x70 ./Middlewares/Third_Party/FatFs/src/ff.o
 .text.dir_sdi  0x0800d8e2      0x112 ./Middlewares/Third_Party/FatFs/src/ff.o
 .text.dir_next
                0x0800d9f4      0x1ac ./Middlewares/Third_Party/FatFs/src/ff.o
 .text.dir_alloc
                0x0800dba0       0x8e ./Middlewares/Third_Party/FatFs/src/ff.o
 .text.ld_clust
                0x0800dc2e       0x3e ./Middlewares/Third_Party/FatFs/src/ff.o
 .text.st_clust
                0x0800dc6c       0x40 ./Middlewares/Third_Party/FatFs/src/ff.o
 .text.cmp_lfn  0x0800dcac       0xe0 ./Middlewares/Third_Party/FatFs/src/ff.o
 .text.put_lfn  0x0800dd8c       0xd0 ./Middlewares/Third_Party/FatFs/src/ff.o
 .text.gen_numname
                0x0800de5c      0x11c ./Middlewares/Third_Party/FatFs/src/ff.o
 .text.sum_sfn  0x0800df78       0x42 ./Middlewares/Third_Party/FatFs/src/ff.o
 .text.dir_find
                0x0800dfba      0x180 ./Middlewares/Third_Party/FatFs/src/ff.o
 *fill*         0x0800e13a        0x2 
 .text.dir_register
                0x0800e13c      0x1f0 ./Middlewares/Third_Party/FatFs/src/ff.o
 .text.create_name
                0x0800e32c      0x370 ./Middlewares/Third_Party/FatFs/src/ff.o
 .text.follow_path
                0x0800e69c       0xec ./Middlewares/Third_Party/FatFs/src/ff.o
 .text.get_ldnumber
                0x0800e788       0x88 ./Middlewares/Third_Party/FatFs/src/ff.o
 .text.check_fs
                0x0800e810       0xac ./Middlewares/Third_Party/FatFs/src/ff.o
 .text.find_volume
                0x0800e8bc      0x50c ./Middlewares/Third_Party/FatFs/src/ff.o
 .text.validate
                0x0800edc8       0x6a ./Middlewares/Third_Party/FatFs/src/ff.o
 *fill*         0x0800ee32        0x2 
 .text.f_mount  0x0800ee34       0x8c ./Middlewares/Third_Party/FatFs/src/ff.o
                0x0800ee34                f_mount
 .text.f_open   0x0800eec0      0x390 ./Middlewares/Third_Party/FatFs/src/ff.o
                0x0800eec0                f_open
 .text.f_read   0x0800f250      0x2be ./Middlewares/Third_Party/FatFs/src/ff.o
                0x0800f250                f_read
 .text.f_sync   0x0800f50e       0xfc ./Middlewares/Third_Party/FatFs/src/ff.o
                0x0800f50e                f_sync
 .text.f_close  0x0800f60a       0x54 ./Middlewares/Third_Party/FatFs/src/ff.o
                0x0800f60a                f_close
 *fill*         0x0800f65e        0x2 
 .text.FATFS_LinkDriverEx
                0x0800f660       0x98 ./Middlewares/Third_Party/FatFs/src/ff_gen_drv.o
                0x0800f660                FATFS_LinkDriverEx
 .text.FATFS_LinkDriver
                0x0800f6f8       0x1e ./Middlewares/Third_Party/FatFs/src/ff_gen_drv.o
                0x0800f6f8                FATFS_LinkDriver
 *fill*         0x0800f716        0x2 
 .text.ff_convert
                0x0800f718       0x78 ./Middlewares/Third_Party/FatFs/src/option/ccsbcs.o
                0x0800f718                ff_convert
 .text.ff_wtoupper
                0x0800f790      0x114 ./Middlewares/Third_Party/FatFs/src/option/ccsbcs.o
                0x0800f790                ff_wtoupper
 .text.rand     0x0800f8a4       0x7c C:/ST/STM32CubeIDE_2.1.0/STM32CubeIDE/plugins/com.st.stm32cube.ide.mcu.externaltools.gnu-tools-for-stm32.14.3.rel1.win32_1.0.100.202602081740/tools/bin/../lib/gcc/arm-none-eabi/14.3.1/../../../../arm-none-eabi/lib/thumb/v7e-m+fp/hard\libc_nano.a(libc_a-rand.o)
                0x0800f8a4                rand
 .text.std      0x0800f920       0x6c C:/ST/STM32CubeIDE_2.1.0/STM32CubeIDE/plugins/com.st.stm32cube.ide.mcu.externaltools.gnu-tools-for-stm32.14.3.rel1.win32_1.0.100.202602081740/tools/bin/../lib/gcc/arm-none-eabi/14.3.1/../../../../arm-none-eabi/lib/thumb/v7e-m+fp/hard\libc_nano.a(libc_a-findfp.o)
 .text.stdio_exit_handler
                0x0800f98c       0x18 C:/ST/STM32CubeIDE_2.1.0/STM32CubeIDE/plugins/com.st.stm32cube.ide.mcu.externaltools.gnu-tools-for-stm32.14.3.rel1.win32_1.0.100.202602081740/tools/bin/../lib/gcc/arm-none-eabi/14.3.1/../../../../arm-none-eabi/lib/thumb/v7e-m+fp/hard\libc_nano.a(libc_a-findfp.o)
 .text.cleanup_stdio
                0x0800f9a4       0x40 C:/ST/STM32CubeIDE_2.1.0/STM32CubeIDE/plugins/com.st.stm32cube.ide.mcu.externaltools.gnu-tools-for-stm32.14.3.rel1.win32_1.0.100.202602081740/tools/bin/../lib/gcc/arm-none-eabi/14.3.1/../../../../arm-none-eabi/lib/thumb/v7e-m+fp/hard\libc_nano.a(libc_a-findfp.o)
 .text.global_stdio_init.part.0
                0x0800f9e4       0x40 C:/ST/STM32CubeIDE_2.1.0/STM32CubeIDE/plugins/com.st.stm32cube.ide.mcu.externaltools.gnu-tools-for-stm32.14.3.rel1.win32_1.0.100.202602081740/tools/bin/../lib/gcc/arm-none-eabi/14.3.1/../../../../arm-none-eabi/lib/thumb/v7e-m+fp/hard\libc_nano.a(libc_a-findfp.o)
 .text.__sfp_lock_acquire
                0x0800fa24        0xc C:/ST/STM32CubeIDE_2.1.0/STM32CubeIDE/plugins/com.st.stm32cube.ide.mcu.externaltools.gnu-tools-for-stm32.14.3.rel1.win32_1.0.100.202602081740/tools/bin/../lib/gcc/arm-none-eabi/14.3.1/../../../../arm-none-eabi/lib/thumb/v7e-m+fp/hard\libc_nano.a(libc_a-findfp.o)
                0x0800fa24                __sfp_lock_acquire
 .text.__sfp_lock_release
                0x0800fa30        0xc C:/ST/STM32CubeIDE_2.1.0/STM32CubeIDE/plugins/com.st.stm32cube.ide.mcu.externaltools.gnu-tools-for-stm32.14.3.rel1.win32_1.0.100.202602081740/tools/bin/../lib/gcc/arm-none-eabi/14.3.1/../../../../arm-none-eabi/lib/thumb/v7e-m+fp/hard\libc_nano.a(libc_a-findfp.o)
                0x0800fa30                __sfp_lock_release
 .text.__sinit  0x0800fa3c       0x30 C:/ST/STM32CubeIDE_2.1.0/STM32CubeIDE/plugins/com.st.stm32cube.ide.mcu.externaltools.gnu-tools-for-stm32.14.3.rel1.win32_1.0.100.202602081740/tools/bin/../lib/gcc/arm-none-eabi/14.3.1/../../../../arm-none-eabi/lib/thumb/v7e-m+fp/hard\libc_nano.a(libc_a-findfp.o)
                0x0800fa3c                __sinit
 .text._fwalk_sglue
                0x0800fa6c       0x3c C:/ST/STM32CubeIDE_2.1.0/STM32CubeIDE/plugins/com.st.stm32cube.ide.mcu.externaltools.gnu-tools-for-stm32.14.3.rel1.win32_1.0.100.202602081740/tools/bin/../lib/gcc/arm-none-eabi/14.3.1/../../../../arm-none-eabi/lib/thumb/v7e-m+fp/hard\libc_nano.a(libc_a-fwalk.o)
                0x0800fa6c                _fwalk_sglue
 .text.sscanf   0x0800faa8       0x58 C:/ST/STM32CubeIDE_2.1.0/STM32CubeIDE/plugins/com.st.stm32cube.ide.mcu.externaltools.gnu-tools-for-stm32.14.3.rel1.win32_1.0.100.202602081740/tools/bin/../lib/gcc/arm-none-eabi/14.3.1/../../../../arm-none-eabi/lib/thumb/v7e-m+fp/hard\libc_nano.a(libc_a-sscanf.o)
                0x0800faa8                siscanf
                0x0800faa8                sscanf
 .text.__sread  0x0800fb00       0x22 C:/ST/STM32CubeIDE_2.1.0/STM32CubeIDE/plugins/com.st.stm32cube.ide.mcu.externaltools.gnu-tools-for-stm32.14.3.rel1.win32_1.0.100.202602081740/tools/bin/../lib/gcc/arm-none-eabi/14.3.1/../../../../arm-none-eabi/lib/thumb/v7e-m+fp/hard\libc_nano.a(libc_a-stdio.o)
                0x0800fb00                __sread
 .text.__seofread
                0x0800fb22        0x4 C:/ST/STM32CubeIDE_2.1.0/STM32CubeIDE/plugins/com.st.stm32cube.ide.mcu.externaltools.gnu-tools-for-stm32.14.3.rel1.win32_1.0.100.202602081740/tools/bin/../lib/gcc/arm-none-eabi/14.3.1/../../../../arm-none-eabi/lib/thumb/v7e-m+fp/hard\libc_nano.a(libc_a-stdio.o)
                0x0800fb22                __seofread
 .text.__swrite
                0x0800fb26       0x38 C:/ST/STM32CubeIDE_2.1.0/STM32CubeIDE/plugins/com.st.stm32cube.ide.mcu.externaltools.gnu-tools-for-stm32.14.3.rel1.win32_1.0.100.202602081740/tools/bin/../lib/gcc/arm-none-eabi/14.3.1/../../../../arm-none-eabi/lib/thumb/v7e-m+fp/hard\libc_nano.a(libc_a-stdio.o)
                0x0800fb26                __swrite
 .text.__sseek  0x0800fb5e       0x26 C:/ST/STM32CubeIDE_2.1.0/STM32CubeIDE/plugins/com.st.stm32cube.ide.mcu.externaltools.gnu-tools-for-stm32.14.3.rel1.win32_1.0.100.202602081740/tools/bin/../lib/gcc/arm-none-eabi/14.3.1/../../../../arm-none-eabi/lib/thumb/v7e-m+fp/hard\libc_nano.a(libc_a-stdio.o)
                0x0800fb5e                __sseek
 .text.__sclose
                0x0800fb84        0x8 C:/ST/STM32CubeIDE_2.1.0/STM32CubeIDE/plugins/com.st.stm32cube.ide.mcu.externaltools.gnu-tools-for-stm32.14.3.rel1.win32_1.0.100.202602081740/tools/bin/../lib/gcc/arm-none-eabi/14.3.1/../../../../arm-none-eabi/lib/thumb/v7e-m+fp/hard\libc_nano.a(libc_a-stdio.o)
                0x0800fb84                __sclose
 .text.memset   0x0800fb8c       0x10 C:/ST/STM32CubeIDE_2.1.0/STM32CubeIDE/plugins/com.st.stm32cube.ide.mcu.externaltools.gnu-tools-for-stm32.14.3.rel1.win32_1.0.100.202602081740/tools/bin/../lib/gcc/arm-none-eabi/14.3.1/../../../../arm-none-eabi/lib/thumb/v7e-m+fp/hard\libc_nano.a(libc_a-memset.o)
                0x0800fb8c                memset
 .text._close_r
                0x0800fb9c       0x20 C:/ST/STM32CubeIDE_2.1.0/STM32CubeIDE/plugins/com.st.stm32cube.ide.mcu.externaltools.gnu-tools-for-stm32.14.3.rel1.win32_1.0.100.202602081740/tools/bin/../lib/gcc/arm-none-eabi/14.3.1/../../../../arm-none-eabi/lib/thumb/v7e-m+fp/hard\libc_nano.a(libc_a-closer.o)
                0x0800fb9c                _close_r
 .text._lseek_r
                0x0800fbbc       0x24 C:/ST/STM32CubeIDE_2.1.0/STM32CubeIDE/plugins/com.st.stm32cube.ide.mcu.externaltools.gnu-tools-for-stm32.14.3.rel1.win32_1.0.100.202602081740/tools/bin/../lib/gcc/arm-none-eabi/14.3.1/../../../../arm-none-eabi/lib/thumb/v7e-m+fp/hard\libc_nano.a(libc_a-lseekr.o)
                0x0800fbbc                _lseek_r
 .text._read_r  0x0800fbe0       0x24 C:/ST/STM32CubeIDE_2.1.0/STM32CubeIDE/plugins/com.st.stm32cube.ide.mcu.externaltools.gnu-tools-for-stm32.14.3.rel1.win32_1.0.100.202602081740/tools/bin/../lib/gcc/arm-none-eabi/14.3.1/../../../../arm-none-eabi/lib/thumb/v7e-m+fp/hard\libc_nano.a(libc_a-readr.o)
                0x0800fbe0                _read_r
 .text._write_r
                0x0800fc04       0x24 C:/ST/STM32CubeIDE_2.1.0/STM32CubeIDE/plugins/com.st.stm32cube.ide.mcu.externaltools.gnu-tools-for-stm32.14.3.rel1.win32_1.0.100.202602081740/tools/bin/../lib/gcc/arm-none-eabi/14.3.1/../../../../arm-none-eabi/lib/thumb/v7e-m+fp/hard\libc_nano.a(libc_a-writer.o)
                0x0800fc04                _write_r
 .text.__errno  0x0800fc28        0xc C:/ST/STM32CubeIDE_2.1.0/STM32CubeIDE/plugins/com.st.stm32cube.ide.mcu.externaltools.gnu-tools-for-stm32.14.3.rel1.win32_1.0.100.202602081740/tools/bin/../lib/gcc/arm-none-eabi/14.3.1/../../../../arm-none-eabi/lib/thumb/v7e-m+fp/hard\libc_nano.a(libc_a-errno.o)
                0x0800fc28                __errno
 .text.__libc_init_array
                0x0800fc34       0x48 C:/ST/STM32CubeIDE_2.1.0/STM32CubeIDE/plugins/com.st.stm32cube.ide.mcu.externaltools.gnu-tools-for-stm32.14.3.rel1.win32_1.0.100.202602081740/tools/bin/../lib/gcc/arm-none-eabi/14.3.1/../../../../arm-none-eabi/lib/thumb/v7e-m+fp/hard\libc_nano.a(libc_a-init.o)
                0x0800fc34                __libc_init_array
 .text.__retarget_lock_init_recursive
                0x0800fc7c        0x2 C:/ST/STM32CubeIDE_2.1.0/STM32CubeIDE/plugins/com.st.stm32cube.ide.mcu.externaltools.gnu-tools-for-stm32.14.3.rel1.win32_1.0.100.202602081740/tools/bin/../lib/gcc/arm-none-eabi/14.3.1/../../../../arm-none-eabi/lib/thumb/v7e-m+fp/hard\libc_nano.a(libc_a-lock.o)
                0x0800fc7c                __retarget_lock_init_recursive
 .text.__retarget_lock_acquire_recursive
                0x0800fc7e        0x2 C:/ST/STM32CubeIDE_2.1.0/STM32CubeIDE/plugins/com.st.stm32cube.ide.mcu.externaltools.gnu-tools-for-stm32.14.3.rel1.win32_1.0.100.202602081740/tools/bin/../lib/gcc/arm-none-eabi/14.3.1/../../../../arm-none-eabi/lib/thumb/v7e-m+fp/hard\libc_nano.a(libc_a-lock.o)
                0x0800fc7e                __retarget_lock_acquire_recursive
 .text.__retarget_lock_release_recursive
                0x0800fc80        0x2 C:/ST/STM32CubeIDE_2.1.0/STM32CubeIDE/plugins/com.st.stm32cube.ide.mcu.externaltools.gnu-tools-for-stm32.14.3.rel1.win32_1.0.100.202602081740/tools/bin/../lib/gcc/arm-none-eabi/14.3.1/../../../../arm-none-eabi/lib/thumb/v7e-m+fp/hard\libc_nano.a(libc_a-lock.o)
                0x0800fc80                __retarget_lock_release_recursive
 *fill*         0x0800fc82        0x2 
 .text.__assert_func
                0x0800fc84       0x3c C:/ST/STM32CubeIDE_2.1.0/STM32CubeIDE/plugins/com.st.stm32cube.ide.mcu.externaltools.gnu-tools-for-stm32.14.3.rel1.win32_1.0.100.202602081740/tools/bin/../lib/gcc/arm-none-eabi/14.3.1/../../../../arm-none-eabi/lib/thumb/v7e-m+fp/hard\libc_nano.a(libc_a-assert.o)
                0x0800fc84                __assert_func
 .text._free_r  0x0800fcc0       0x94 C:/ST/STM32CubeIDE_2.1.0/STM32CubeIDE/plugins/com.st.stm32cube.ide.mcu.externaltools.gnu-tools-for-stm32.14.3.rel1.win32_1.0.100.202602081740/tools/bin/../lib/gcc/arm-none-eabi/14.3.1/../../../../arm-none-eabi/lib/thumb/v7e-m+fp/hard\libc_nano.a(libc_a-freer.o)
                0x0800fcc0                _free_r
 .text.malloc   0x0800fd54       0x10 C:/ST/STM32CubeIDE_2.1.0/STM32CubeIDE/plugins/com.st.stm32cube.ide.mcu.externaltools.gnu-tools-for-stm32.14.3.rel1.win32_1.0.100.202602081740/tools/bin/../lib/gcc/arm-none-eabi/14.3.1/../../../../arm-none-eabi/lib/thumb/v7e-m+fp/hard\libc_nano.a(libc_a-malloc.o)
                0x0800fd54                malloc
 .text.sbrk_aligned
                0x0800fd64       0x44 C:/ST/STM32CubeIDE_2.1.0/STM32CubeIDE/plugins/com.st.stm32cube.ide.mcu.externaltools.gnu-tools-for-stm32.14.3.rel1.win32_1.0.100.202602081740/tools/bin/../lib/gcc/arm-none-eabi/14.3.1/../../../../arm-none-eabi/lib/thumb/v7e-m+fp/hard\libc_nano.a(libc_a-mallocr.o)
 .text._malloc_r
                0x0800fda8      0x100 C:/ST/STM32CubeIDE_2.1.0/STM32CubeIDE/plugins/com.st.stm32cube.ide.mcu.externaltools.gnu-tools-for-stm32.14.3.rel1.win32_1.0.100.202602081740/tools/bin/../lib/gcc/arm-none-eabi/14.3.1/../../../../arm-none-eabi/lib/thumb/v7e-m+fp/hard\libc_nano.a(libc_a-mallocr.o)
                0x0800fda8                _malloc_r
 .text.__malloc_lock
                0x0800fea8        0xc C:/ST/STM32CubeIDE_2.1.0/STM32CubeIDE/plugins/com.st.stm32cube.ide.mcu.externaltools.gnu-tools-for-stm32.14.3.rel1.win32_1.0.100.202602081740/tools/bin/../lib/gcc/arm-none-eabi/14.3.1/../../../../arm-none-eabi/lib/thumb/v7e-m+fp/hard\libc_nano.a(libc_a-mlock.o)
                0x0800fea8                __malloc_lock
 .text.__malloc_unlock
                0x0800feb4        0xc C:/ST/STM32CubeIDE_2.1.0/STM32CubeIDE/plugins/com.st.stm32cube.ide.mcu.externaltools.gnu-tools-for-stm32.14.3.rel1.win32_1.0.100.202602081740/tools/bin/../lib/gcc/arm-none-eabi/14.3.1/../../../../arm-none-eabi/lib/thumb/v7e-m+fp/hard\libc_nano.a(libc_a-mlock.o)
                0x0800feb4                __malloc_unlock
 .text._sungetc_r
                0x0800fec0       0x7a C:/ST/STM32CubeIDE_2.1.0/STM32CubeIDE/plugins/com.st.stm32cube.ide.mcu.externaltools.gnu-tools-for-stm32.14.3.rel1.win32_1.0.100.202602081740/tools/bin/../lib/gcc/arm-none-eabi/14.3.1/../../../../arm-none-eabi/lib/thumb/v7e-m+fp/hard\libc_nano.a(libc_a-nano-svfscanf.o)
                0x0800fec0                _sungetc_r
 .text.__ssrefill_r
                0x0800ff3a       0x3a C:/ST/STM32CubeIDE_2.1.0/STM32CubeIDE/plugins/com.st.stm32cube.ide.mcu.externaltools.gnu-tools-for-stm32.14.3.rel1.win32_1.0.100.202602081740/tools/bin/../lib/gcc/arm-none-eabi/14.3.1/../../../../arm-none-eabi/lib/thumb/v7e-m+fp/hard\libc_nano.a(libc_a-nano-svfscanf.o)
                0x0800ff3a                __ssrefill_r
 .text.__ssvfscanf_r
                0x0800ff74      0x2fc C:/ST/STM32CubeIDE_2.1.0/STM32CubeIDE/plugins/com.st.stm32cube.ide.mcu.externaltools.gnu-tools-for-stm32.14.3.rel1.win32_1.0.100.202602081740/tools/bin/../lib/gcc/arm-none-eabi/14.3.1/../../../../arm-none-eabi/lib/thumb/v7e-m+fp/hard\libc_nano.a(libc_a-nano-svfscanf.o)
                0x0800ff74                __ssvfiscanf_r
                0x0800ff74                __ssvfscanf_r
 .text._scanf_chars
                0x08010270       0xb4 C:/ST/STM32CubeIDE_2.1.0/STM32CubeIDE/plugins/com.st.stm32cube.ide.mcu.externaltools.gnu-tools-for-stm32.14.3.rel1.win32_1.0.100.202602081740/tools/bin/../lib/gcc/arm-none-eabi/14.3.1/../../../../arm-none-eabi/lib/thumb/v7e-m+fp/hard\libc_nano.a(libc_a-nano-vfscanf_i.o)
                0x08010270                _scanf_chars
 .text._scanf_i
                0x08010324      0x1e4 C:/ST/STM32CubeIDE_2.1.0/STM32CubeIDE/plugins/com.st.stm32cube.ide.mcu.externaltools.gnu-tools-for-stm32.14.3.rel1.win32_1.0.100.202602081740/tools/bin/../lib/gcc/arm-none-eabi/14.3.1/../../../../arm-none-eabi/lib/thumb/v7e-m+fp/hard\libc_nano.a(libc_a-nano-vfscanf_i.o)
                0x08010324                _scanf_i
 .text.__sflush_r
                0x08010508      0x104 C:/ST/STM32CubeIDE_2.1.0/STM32CubeIDE/plugins/com.st.stm32cube.ide.mcu.externaltools.gnu-tools-for-stm32.14.3.rel1.win32_1.0.100.202602081740/tools/bin/../lib/gcc/arm-none-eabi/14.3.1/../../../../arm-none-eabi/lib/thumb/v7e-m+fp/hard\libc_nano.a(libc_a-fflush.o)
                0x08010508                __sflush_r
 .text._fflush_r
                0x0801060c       0x50 C:/ST/STM32CubeIDE_2.1.0/STM32CubeIDE/plugins/com.st.stm32cube.ide.mcu.externaltools.gnu-tools-for-stm32.14.3.rel1.win32_1.0.100.202602081740/tools/bin/../lib/gcc/arm-none-eabi/14.3.1/../../../../arm-none-eabi/lib/thumb/v7e-m+fp/hard\libc_nano.a(libc_a-fflush.o)
                0x0801060c                _fflush_r
 .text.fprintf  0x0801065c       0x24 C:/ST/STM32CubeIDE_2.1.0/STM32CubeIDE/plugins/com.st.stm32cube.ide.mcu.externaltools.gnu-tools-for-stm32.14.3.rel1.win32_1.0.100.202602081740/tools/bin/../lib/gcc/arm-none-eabi/14.3.1/../../../../arm-none-eabi/lib/thumb/v7e-m+fp/hard\libc_nano.a(libc_a-fprintf.o)
                0x0801065c                fiprintf
                0x0801065c                fprintf
 .text.__sccl   0x08010680       0x72 C:/ST/STM32CubeIDE_2.1.0/STM32CubeIDE/plugins/com.st.stm32cube.ide.mcu.externaltools.gnu-tools-for-stm32.14.3.rel1.win32_1.0.100.202602081740/tools/bin/../lib/gcc/arm-none-eabi/14.3.1/../../../../arm-none-eabi/lib/thumb/v7e-m+fp/hard\libc_nano.a(libc_a-sccl.o)
                0x08010680                __sccl
 .text.__submore
                0x080106f2       0x74 C:/ST/STM32CubeIDE_2.1.0/STM32CubeIDE/plugins/com.st.stm32cube.ide.mcu.externaltools.gnu-tools-for-stm32.14.3.rel1.win32_1.0.100.202602081740/tools/bin/../lib/gcc/arm-none-eabi/14.3.1/../../../../arm-none-eabi/lib/thumb/v7e-m+fp/hard\libc_nano.a(libc_a-ungetc.o)
                0x080106f2                __submore
 *fill*         0x08010766        0x2 
 .text._sbrk_r  0x08010768       0x20 C:/ST/STM32CubeIDE_2.1.0/STM32CubeIDE/plugins/com.st.stm32cube.ide.mcu.externaltools.gnu-tools-for-stm32.14.3.rel1.win32_1.0.100.202602081740/tools/bin/../lib/gcc/arm-none-eabi/14.3.1/../../../../arm-none-eabi/lib/thumb/v7e-m+fp/hard\libc_nano.a(libc_a-sbrkr.o)
                0x08010768                _sbrk_r
 .text.memcpy   0x08010788       0x1c C:/ST/STM32CubeIDE_2.1.0/STM32CubeIDE/plugins/com.st.stm32cube.ide.mcu.externaltools.gnu-tools-for-stm32.14.3.rel1.win32_1.0.100.202602081740/tools/bin/../lib/gcc/arm-none-eabi/14.3.1/../../../../arm-none-eabi/lib/thumb/v7e-m+fp/hard\libc_nano.a(libc_a-memcpy-stub.o)
                0x08010788                memcpy
 .text.abort    0x080107a4        0xe C:/ST/STM32CubeIDE_2.1.0/STM32CubeIDE/plugins/com.st.stm32cube.ide.mcu.externaltools.gnu-tools-for-stm32.14.3.rel1.win32_1.0.100.202602081740/tools/bin/../lib/gcc/arm-none-eabi/14.3.1/../../../../arm-none-eabi/lib/thumb/v7e-m+fp/hard\libc_nano.a(libc_a-abort.o)
                0x080107a4                abort
 .text._realloc_r
                0x080107b2       0x5c C:/ST/STM32CubeIDE_2.1.0/STM32CubeIDE/plugins/com.st.stm32cube.ide.mcu.externaltools.gnu-tools-for-stm32.14.3.rel1.win32_1.0.100.202602081740/tools/bin/../lib/gcc/arm-none-eabi/14.3.1/../../../../arm-none-eabi/lib/thumb/v7e-m+fp/hard\libc_nano.a(libc_a-reallocr.o)
                0x080107b2                _realloc_r
 *fill*         0x0801080e        0x2 
 .text._strtol_l.isra.0
                0x08010810       0xf4 C:/ST/STM32CubeIDE_2.1.0/STM32CubeIDE/plugins/com.st.stm32cube.ide.mcu.externaltools.gnu-tools-for-stm32.14.3.rel1.win32_1.0.100.202602081740/tools/bin/../lib/gcc/arm-none-eabi/14.3.1/../../../../arm-none-eabi/lib/thumb/v7e-m+fp/hard\libc_nano.a(libc_a-strtol.o)
 .text._strtol_r
                0x08010904        0x4 C:/ST/STM32CubeIDE_2.1.0/STM32CubeIDE/plugins/com.st.stm32cube.ide.mcu.externaltools.gnu-tools-for-stm32.14.3.rel1.win32_1.0.100.202602081740/tools/bin/../lib/gcc/arm-none-eabi/14.3.1/../../../../arm-none-eabi/lib/thumb/v7e-m+fp/hard\libc_nano.a(libc_a-strtol.o)
                0x08010904                _strtol_r
 .text._strtoul_l.isra.0
                0x08010908       0xdc C:/ST/STM32CubeIDE_2.1.0/STM32CubeIDE/plugins/com.st.stm32cube.ide.mcu.externaltools.gnu-tools-for-stm32.14.3.rel1.win32_1.0.100.202602081740/tools/bin/../lib/gcc/arm-none-eabi/14.3.1/../../../../arm-none-eabi/lib/thumb/v7e-m+fp/hard\libc_nano.a(libc_a-strtoul.o)
 .text._strtoul_r
                0x080109e4        0x4 C:/ST/STM32CubeIDE_2.1.0/STM32CubeIDE/plugins/com.st.stm32cube.ide.mcu.externaltools.gnu-tools-for-stm32.14.3.rel1.win32_1.0.100.202602081740/tools/bin/../lib/gcc/arm-none-eabi/14.3.1/../../../../arm-none-eabi/lib/thumb/v7e-m+fp/hard\libc_nano.a(libc_a-strtoul.o)
                0x080109e4                _strtoul_r
 .text.__sfputc_r
                0x080109e8       0x2e C:/ST/STM32CubeIDE_2.1.0/STM32CubeIDE/plugins/com.st.stm32cube.ide.mcu.externaltools.gnu-tools-for-stm32.14.3.rel1.win32_1.0.100.202602081740/tools/bin/../lib/gcc/arm-none-eabi/14.3.1/../../../../arm-none-eabi/lib/thumb/v7e-m+fp/hard\libc_nano.a(libc_a-nano-vfprintf.o)
 .text.__sfputs_r
                0x08010a16       0x24 C:/ST/STM32CubeIDE_2.1.0/STM32CubeIDE/plugins/com.st.stm32cube.ide.mcu.externaltools.gnu-tools-for-stm32.14.3.rel1.win32_1.0.100.202602081740/tools/bin/../lib/gcc/arm-none-eabi/14.3.1/../../../../arm-none-eabi/lib/thumb/v7e-m+fp/hard\libc_nano.a(libc_a-nano-vfprintf.o)
                0x08010a16                __sfputs_r
 *fill*         0x08010a3a        0x2 
 .text._vfprintf_r
                0x08010a3c      0x228 C:/ST/STM32CubeIDE_2.1.0/STM32CubeIDE/plugins/com.st.stm32cube.ide.mcu.externaltools.gnu-tools-for-stm32.14.3.rel1.win32_1.0.100.202602081740/tools/bin/../lib/gcc/arm-none-eabi/14.3.1/../../../../arm-none-eabi/lib/thumb/v7e-m+fp/hard\libc_nano.a(libc_a-nano-vfprintf.o)
                0x08010a3c                _vfprintf_r
                0x08010a3c                _vfiprintf_r
 .text._printf_common
                0x08010c64       0xda C:/ST/STM32CubeIDE_2.1.0/STM32CubeIDE/plugins/com.st.stm32cube.ide.mcu.externaltools.gnu-tools-for-stm32.14.3.rel1.win32_1.0.100.202602081740/tools/bin/../lib/gcc/arm-none-eabi/14.3.1/../../../../arm-none-eabi/lib/thumb/v7e-m+fp/hard\libc_nano.a(libc_a-nano-vfprintf_i.o)
                0x08010c64                _printf_common
 *fill*         0x08010d3e        0x2 
 .text._printf_i
                0x08010d40      0x24c C:/ST/STM32CubeIDE_2.1.0/STM32CubeIDE/plugins/com.st.stm32cube.ide.mcu.externaltools.gnu-tools-for-stm32.14.3.rel1.win32_1.0.100.202602081740/tools/bin/../lib/gcc/arm-none-eabi/14.3.1/../../../../arm-none-eabi/lib/thumb/v7e-m+fp/hard\libc_nano.a(libc_a-nano-vfprintf_i.o)
                0x08010d40                _printf_i
 .text.__swbuf_r
                0x08010f8c       0x7c C:/ST/STM32CubeIDE_2.1.0/STM32CubeIDE/plugins/com.st.stm32cube.ide.mcu.externaltools.gnu-tools-for-stm32.14.3.rel1.win32_1.0.100.202602081740/tools/bin/../lib/gcc/arm-none-eabi/14.3.1/../../../../arm-none-eabi/lib/thumb/v7e-m+fp/hard\libc_nano.a(libc_a-wbuf.o)
                0x08010f8c                __swbuf_r
 .text.__swsetup_r
                0x08011008       0xa8 C:/ST/STM32CubeIDE_2.1.0/STM32CubeIDE/plugins/com.st.stm32cube.ide.mcu.externaltools.gnu-tools-for-stm32.14.3.rel1.win32_1.0.100.202602081740/tools/bin/../lib/gcc/arm-none-eabi/14.3.1/../../../../arm-none-eabi/lib/thumb/v7e-m+fp/hard\libc_nano.a(libc_a-wsetup.o)
                0x08011008                __swsetup_r
 .text._raise_r
                0x080110b0       0x50 C:/ST/STM32CubeIDE_2.1.0/STM32CubeIDE/plugins/com.st.stm32cube.ide.mcu.externaltools.gnu-tools-for-stm32.14.3.rel1.win32_1.0.100.202602081740/tools/bin/../lib/gcc/arm-none-eabi/14.3.1/../../../../arm-none-eabi/lib/thumb/v7e-m+fp/hard\libc_nano.a(libc_a-signal.o)
                0x080110b0                _raise_r
 .text.raise    0x08011100       0x10 C:/ST/STM32CubeIDE_2.1.0/STM32CubeIDE/plugins/com.st.stm32cube.ide.mcu.externaltools.gnu-tools-for-stm32.14.3.rel1.win32_1.0.100.202602081740/tools/bin/../lib/gcc/arm-none-eabi/14.3.1/../../../../arm-none-eabi/lib/thumb/v7e-m+fp/hard\libc_nano.a(libc_a-signal.o)
                0x08011100                raise
 .text._kill_r  0x08011110       0x24 C:/ST/STM32CubeIDE_2.1.0/STM32CubeIDE/plugins/com.st.stm32cube.ide.mcu.externaltools.gnu-tools-for-stm32.14.3.rel1.win32_1.0.100.202602081740/tools/bin/../lib/gcc/arm-none-eabi/14.3.1/../../../../arm-none-eabi/lib/thumb/v7e-m+fp/hard\libc_nano.a(libc_a-signalr.o)
                0x08011110                _kill_r
 .text._getpid_r
                0x08011134        0x4 C:/ST/STM32CubeIDE_2.1.0/STM32CubeIDE/plugins/com.st.stm32cube.ide.mcu.externaltools.gnu-tools-for-stm32.14.3.rel1.win32_1.0.100.202602081740/tools/bin/../lib/gcc/arm-none-eabi/14.3.1/../../../../arm-none-eabi/lib/thumb/v7e-m+fp/hard\libc_nano.a(libc_a-signalr.o)
                0x08011134                _getpid_r
 .text._malloc_usable_size_r
                0x08011138       0x10 C:/ST/STM32CubeIDE_2.1.0/STM32CubeIDE/plugins/com.st.stm32cube.ide.mcu.externaltools.gnu-tools-for-stm32.14.3.rel1.win32_1.0.100.202602081740/tools/bin/../lib/gcc/arm-none-eabi/14.3.1/../../../../arm-none-eabi/lib/thumb/v7e-m+fp/hard\libc_nano.a(libc_a-msizer.o)
                0x08011138                _malloc_usable_size_r
 .text.__swhatbuf_r
                0x08011148       0x48 C:/ST/STM32CubeIDE_2.1.0/STM32CubeIDE/plugins/com.st.stm32cube.ide.mcu.externaltools.gnu-tools-for-stm32.14.3.rel1.win32_1.0.100.202602081740/tools/bin/../lib/gcc/arm-none-eabi/14.3.1/../../../../arm-none-eabi/lib/thumb/v7e-m+fp/hard\libc_nano.a(libc_a-makebuf.o)
                0x08011148                __swhatbuf_r
 .text.__smakebuf_r
                0x08011190       0x72 C:/ST/STM32CubeIDE_2.1.0/STM32CubeIDE/plugins/com.st.stm32cube.ide.mcu.externaltools.gnu-tools-for-stm32.14.3.rel1.win32_1.0.100.202602081740/tools/bin/../lib/gcc/arm-none-eabi/14.3.1/../../../../arm-none-eabi/lib/thumb/v7e-m+fp/hard\libc_nano.a(libc_a-makebuf.o)
                0x08011190                __smakebuf_r
 *fill*         0x08011202        0x2 
 .text._fstat_r
                0x08011204       0x24 C:/ST/STM32CubeIDE_2.1.0/STM32CubeIDE/plugins/com.st.stm32cube.ide.mcu.externaltools.gnu-tools-for-stm32.14.3.rel1.win32_1.0.100.202602081740/tools/bin/../lib/gcc/arm-none-eabi/14.3.1/../../../../arm-none-eabi/lib/thumb/v7e-m+fp/hard\libc_nano.a(libc_a-fstatr.o)
                0x08011204                _fstat_r
 .text._isatty_r
                0x08011228       0x20 C:/ST/STM32CubeIDE_2.1.0/STM32CubeIDE/plugins/com.st.stm32cube.ide.mcu.externaltools.gnu-tools-for-stm32.14.3.rel1.win32_1.0.100.202602081740/tools/bin/../lib/gcc/arm-none-eabi/14.3.1/../../../../arm-none-eabi/lib/thumb/v7e-m+fp/hard\libc_nano.a(libc_a-isattyr.o)
                0x08011228                _isatty_r
 *(.glue_7)
 .glue_7        0x08011248        0x0 linker stubs
 *(.glue_7t)
 .glue_7t       0x08011248        0x0 linker stubs
 *(.eh_frame)
 .eh_frame      0x08011248        0x0 C:/ST/STM32CubeIDE_2.1.0/STM32CubeIDE/plugins/com.st.stm32cube.ide.mcu.externaltools.gnu-tools-for-stm32.14.3.rel1.win32_1.0.100.202602081740/tools/bin/../lib/gcc/arm-none-eabi/14.3.1/thumb/v7e-m+fp/hard/crtbegin.o
 *(.init)
 .init          0x08011248        0x4 C:/ST/STM32CubeIDE_2.1.0/STM32CubeIDE/plugins/com.st.stm32cube.ide.mcu.externaltools.gnu-tools-for-stm32.14.3.rel1.win32_1.0.100.202602081740/tools/bin/../lib/gcc/arm-none-eabi/14.3.1/thumb/v7e-m+fp/hard/crti.o
                0x08011248                _init
 .init          0x0801124c        0x8 C:/ST/STM32CubeIDE_2.1.0/STM32CubeIDE/plugins/com.st.stm32cube.ide.mcu.externaltools.gnu-tools-for-stm32.14.3.rel1.win32_1.0.100.202602081740/tools/bin/../lib/gcc/arm-none-eabi/14.3.1/thumb/v7e-m+fp/hard/crtn.o
 *(.fini)
 .fini          0x08011254        0x4 C:/ST/STM32CubeIDE_2.1.0/STM32CubeIDE/plugins/com.st.stm32cube.ide.mcu.externaltools.gnu-tools-for-stm32.14.3.rel1.win32_1.0.100.202602081740/tools/bin/../lib/gcc/arm-none-eabi/14.3.1/thumb/v7e-m+fp/hard/crti.o
                0x08011254                _fini
 .fini          0x08011258        0x8 C:/ST/STM32CubeIDE_2.1.0/STM32CubeIDE/plugins/com.st.stm32cube.ide.mcu.externaltools.gnu-tools-for-stm32.14.3.rel1.win32_1.0.100.202602081740/tools/bin/../lib/gcc/arm-none-eabi/14.3.1/thumb/v7e-m+fp/hard/crtn.o
                0x08011260                        . = ALIGN (0x4)
                0x08011260                        _etext = .

.vfp11_veneer   0x08011260        0x0
 .vfp11_veneer  0x08011260        0x0 linker stubs

.v4_bx          0x08011260        0x0
 .v4_bx         0x08011260        0x0 linker stubs

.iplt           0x08011260        0x0
 .iplt          0x08011260        0x0 C:/ST/STM32CubeIDE_2.1.0/STM32CubeIDE/plugins/com.st.stm32cube.ide.mcu.externaltools.gnu-tools-for-stm32.14.3.rel1.win32_1.0.100.202602081740/tools/bin/../lib/gcc/arm-none-eabi/14.3.1/thumb/v7e-m+fp/hard/crtbegin.o

.rodata         0x08011260    0x37f04
                0x08011260                        . = ALIGN (0x4)
 *(.rodata)
 .rodata        0x08011260       0xb2 ./Core/Src/main.o
 *fill*         0x08011312        0x2 
 .rodata        0x08011314       0x48 ./Middlewares/Third_Party/FatFs/src/ff.o
 .rodata        0x0801135c        0xc C:/ST/STM32CubeIDE_2.1.0/STM32CubeIDE/plugins/com.st.stm32cube.ide.mcu.externaltools.gnu-tools-for-stm32.14.3.rel1.win32_1.0.100.202602081740/tools/bin/../lib/gcc/arm-none-eabi/14.3.1/../../../../arm-none-eabi/lib/thumb/v7e-m+fp/hard\libc_nano.a(libc_a-nano-vfscanf_i.o)
 *(.rodata*)
 .rodata.smallFont
                0x08011368      0x474 ./Core/Src/font.o
                0x08011368                smallFont
 .rodata.bigFont
                0x080117dc      0xbe0 ./Core/Src/font.o
                0x080117dc                bigFont
 .rodata.stars  0x080123bc    0x25800 ./Core/Src/graficos.o
                0x080123bc                stars
 .rodata.blaster_verde
                0x08037bbc      0x5c0 ./Core/Src/main.o
                0x08037bbc                blaster_verde
 .rodata.halcon_sprite
                0x0803817c     0x3570 ./Core/Src/main.o
                0x0803817c                halcon_sprite
 .rodata.xwing_realista
                0x0803b6ec     0x3264 ./Core/Src/main.o
                0x0803b6ec                xwing_realista
 .rodata.blaster
                0x0803e950      0x310 ./Core/Src/main.o
                0x0803e950                blaster
 .rodata.enemigo
                0x0803ec60      0x600 ./Core/Src/main.o
                0x0803ec60                enemigo
 .rodata.chewbacca
                0x0803f260      0x900 ./Core/Src/main.o
                0x0803f260                chewbacca
 .rodata.luke   0x0803fb60      0x690 ./Core/Src/main.o
                0x0803fb60                luke
 .rodata.han_solo
                0x080401f0      0x700 ./Core/Src/main.o
                0x080401f0                han_solo
 .rodata.piloto
                0x080408f0      0x690 ./Core/Src/main.o
                0x080408f0                piloto
 .rodata.explo  0x08040f80     0x2c00 ./Core/Src/main.o
                0x08040f80                explo
 .rodata.deathS
                0x08043b80     0x1388 ./Core/Src/main.o
                0x08043b80                deathS
 .rodata.borrador
                0x08044f08     0x3c00 ./Core/Src/main.o
                0x08044f08                borrador
 .rodata.AHBPrescTable
                0x08048b08       0x10 ./Core/Src/system_stm32f4xx.o
                0x08048b08                AHBPrescTable
 .rodata.APBPrescTable
                0x08048b18        0x8 ./Core/Src/system_stm32f4xx.o
                0x08048b18                APBPrescTable
 .rodata.flagBitshiftOffset.0
                0x08048b20        0x8 ./Drivers/STM32F4xx_HAL_Driver/Src/stm32f4xx_hal_dma.o
 .rodata.ExCvt  0x08048b28       0x80 ./Middlewares/Third_Party/FatFs/src/ff.o
 .rodata.LfnOfs
                0x08048ba8        0xd ./Middlewares/Third_Party/FatFs/src/ff.o
 *fill*         0x08048bb5        0x3 
 .rodata.Tbl    0x08048bb8      0x100 ./Middlewares/Third_Party/FatFs/src/option/ccsbcs.o
 .rodata.cvt1.1
                0x08048cb8      0x1f2 ./Middlewares/Third_Party/FatFs/src/option/ccsbcs.o
 *fill*         0x08048eaa        0x2 
 .rodata.cvt2.0
                0x08048eac       0xbc ./Middlewares/Third_Party/FatFs/src/option/ccsbcs.o
 .rodata.srand.str1.1
                0x08048f68       0xf9 C:/ST/STM32CubeIDE_2.1.0/STM32CubeIDE/plugins/com.st.stm32cube.ide.mcu.externaltools.gnu-tools-for-stm32.14.3.rel1.win32_1.0.100.202602081740/tools/bin/../lib/gcc/arm-none-eabi/14.3.1/../../../../arm-none-eabi/lib/thumb/v7e-m+fp/hard\libc_nano.a(libc_a-rand.o)
                                 0x6f (size before relaxing)
 .rodata.__assert_func.str1.1
                0x08049061       0x3d C:/ST/STM32CubeIDE_2.1.0/STM32CubeIDE/plugins/com.st.stm32cube.ide.mcu.externaltools.gnu-tools-for-stm32.14.3.rel1.win32_1.0.100.202602081740/tools/bin/../lib/gcc/arm-none-eabi/14.3.1/../../../../arm-none-eabi/lib/thumb/v7e-m+fp/hard\libc_nano.a(libc_a-assert.o)
 .rodata.__ssvfscanf_r.str1.1
                0x08049061        0x4 C:/ST/STM32CubeIDE_2.1.0/STM32CubeIDE/plugins/com.st.stm32cube.ide.mcu.externaltools.gnu-tools-for-stm32.14.3.rel1.win32_1.0.100.202602081740/tools/bin/../lib/gcc/arm-none-eabi/14.3.1/../../../../arm-none-eabi/lib/thumb/v7e-m+fp/hard\libc_nano.a(libc_a-nano-svfscanf.o)
 .rodata._scanf_i.str1.1
                0x08049061       0x12 C:/ST/STM32CubeIDE_2.1.0/STM32CubeIDE/plugins/com.st.stm32cube.ide.mcu.externaltools.gnu-tools-for-stm32.14.3.rel1.win32_1.0.100.202602081740/tools/bin/../lib/gcc/arm-none-eabi/14.3.1/../../../../arm-none-eabi/lib/thumb/v7e-m+fp/hard\libc_nano.a(libc_a-nano-vfscanf_i.o)
 .rodata.str1.1
                0x08049061        0x9 C:/ST/STM32CubeIDE_2.1.0/STM32CubeIDE/plugins/com.st.stm32cube.ide.mcu.externaltools.gnu-tools-for-stm32.14.3.rel1.win32_1.0.100.202602081740/tools/bin/../lib/gcc/arm-none-eabi/14.3.1/../../../../arm-none-eabi/lib/thumb/v7e-m+fp/hard\libc_nano.a(libc_a-nano-vfscanf_i.o)
 .rodata._ctype_
                0x08049061      0x101 C:/ST/STM32CubeIDE_2.1.0/STM32CubeIDE/plugins/com.st.stm32cube.ide.mcu.externaltools.gnu-tools-for-stm32.14.3.rel1.win32_1.0.100.202602081740/tools/bin/../lib/gcc/arm-none-eabi/14.3.1/../../../../arm-none-eabi/lib/thumb/v7e-m+fp/hard\libc_nano.a(libc_a-ctype_.o)
                0x08049061                _ctype_
 .rodata._vfprintf_r.str1.1
                0x08049162       0x11 C:/ST/STM32CubeIDE_2.1.0/STM32CubeIDE/plugins/com.st.stm32cube.ide.mcu.externaltools.gnu-tools-for-stm32.14.3.rel1.win32_1.0.100.202602081740/tools/bin/../lib/gcc/arm-none-eabi/14.3.1/../../../../arm-none-eabi/lib/thumb/v7e-m+fp/hard\libc_nano.a(libc_a-nano-vfprintf.o)
 .rodata._printf_i.str1.1
                0x08049162       0x22 C:/ST/STM32CubeIDE_2.1.0/STM32CubeIDE/plugins/com.st.stm32cube.ide.mcu.externaltools.gnu-tools-for-stm32.14.3.rel1.win32_1.0.100.202602081740/tools/bin/../lib/gcc/arm-none-eabi/14.3.1/../../../../arm-none-eabi/lib/thumb/v7e-m+fp/hard\libc_nano.a(libc_a-nano-vfprintf_i.o)
                0x08049184                        . = ALIGN (0x4)
 *fill*         0x08049162        0x2 

.ARM.extab      0x08049164        0x0
                0x08049164                        . = ALIGN (0x4)
 *(.ARM.extab* .gnu.linkonce.armextab.*)
                0x08049164                        . = ALIGN (0x4)

.ARM            0x08049164        0x8
                0x08049164                        . = ALIGN (0x4)
                0x08049164                        __exidx_start = .
 *(.ARM.exidx*)
 .ARM.exidx     0x08049164        0x8 C:/ST/STM32CubeIDE_2.1.0/STM32CubeIDE/plugins/com.st.stm32cube.ide.mcu.externaltools.gnu-tools-for-stm32.14.3.rel1.win32_1.0.100.202602081740/tools/bin/../lib/gcc/arm-none-eabi/14.3.1/../../../../arm-none-eabi/lib/thumb/v7e-m+fp/hard\libc_nano.a(libc_a-strlen.o)
 .ARM.exidx     0x0804916c        0x0 C:/ST/STM32CubeIDE_2.1.0/STM32CubeIDE/plugins/com.st.stm32cube.ide.mcu.externaltools.gnu-tools-for-stm32.14.3.rel1.win32_1.0.100.202602081740/tools/bin/../lib/gcc/arm-none-eabi/14.3.1/../../../../arm-none-eabi/lib/thumb/v7e-m+fp/hard\libc_nano.a(libc_a-memchr.o)
                                  0x8 (size before relaxing)
 .ARM.exidx     0x0804916c        0x0 C:/ST/STM32CubeIDE_2.1.0/STM32CubeIDE/plugins/com.st.stm32cube.ide.mcu.externaltools.gnu-tools-for-stm32.14.3.rel1.win32_1.0.100.202602081740/tools/bin/../lib/gcc/arm-none-eabi/14.3.1/thumb/v7e-m+fp/hard\libgcc.a(_udivmoddi4.o)
                                  0x8 (size before relaxing)
                0x0804916c                        __exidx_end = .
                0x0804916c                        . = ALIGN (0x4)

.preinit_array  0x0804916c        0x0
                0x0804916c                        . = ALIGN (0x4)
                0x0804916c                        PROVIDE (__preinit_array_start = .)
 *(.preinit_array*)
                0x0804916c                        PROVIDE (__preinit_array_end = .)
                0x0804916c                        . = ALIGN (0x4)

.init_array     0x0804916c        0x4
                0x0804916c                        . = ALIGN (0x4)
                0x0804916c                        PROVIDE (__init_array_start = .)
 *(SORT_BY_NAME(.init_array.*))
 *(.init_array*)
 .init_array    0x0804916c        0x4 C:/ST/STM32CubeIDE_2.1.0/STM32CubeIDE/plugins/com.st.stm32cube.ide.mcu.externaltools.gnu-tools-for-stm32.14.3.rel1.win32_1.0.100.202602081740/tools/bin/../lib/gcc/arm-none-eabi/14.3.1/thumb/v7e-m+fp/hard/crtbegin.o
                0x08049170                        PROVIDE (__init_array_end = .)
                0x08049170                        . = ALIGN (0x4)

.fini_array     0x08049170        0x4
                0x08049170                        . = ALIGN (0x4)
                [!provide]                        PROVIDE (__fini_array_start = .)
 *(SORT_BY_NAME(.fini_array.*))
 *(.fini_array*)
 .fini_array    0x08049170        0x4 C:/ST/STM32CubeIDE_2.1.0/STM32CubeIDE/plugins/com.st.stm32cube.ide.mcu.externaltools.gnu-tools-for-stm32.14.3.rel1.win32_1.0.100.202602081740/tools/bin/../lib/gcc/arm-none-eabi/14.3.1/thumb/v7e-m+fp/hard/crtbegin.o
                [!provide]                        PROVIDE (__fini_array_end = .)
                0x08049174                        . = ALIGN (0x4)
                0x08049174                        _sidata = LOADADDR (.data)

.rel.dyn        0x08049174        0x0
 .rel.iplt      0x08049174        0x0 C:/ST/STM32CubeIDE_2.1.0/STM32CubeIDE/plugins/com.st.stm32cube.ide.mcu.externaltools.gnu-tools-for-stm32.14.3.rel1.win32_1.0.100.202602081740/tools/bin/../lib/gcc/arm-none-eabi/14.3.1/thumb/v7e-m+fp/hard/crtbegin.o

.data           0x20000000       0xac load address 0x08049174
                0x20000000                        . = ALIGN (0x4)
                0x20000000                        _sdata = .
 *(.data)
 *(.data*)
 .data.Stat     0x20000000        0x1 ./Core/Src/fatfs_sd.o
 *fill*         0x20000001        0x3 
 .data.balas_por_sobrevivir
                0x20000004        0x4 ./Core/Src/main.o
                0x20000004                balas_por_sobrevivir
 .data.bossHP   0x20000008        0x4 ./Core/Src/main.o
                0x20000008                bossHP
 .data.bossX    0x2000000c        0x4 ./Core/Src/main.o
                0x2000000c                bossX
 .data.bossY    0x20000010        0x4 ./Core/Src/main.o
                0x20000010                bossY
 .data.bossDir  0x20000014        0x4 ./Core/Src/main.o
                0x20000014                bossDir
 .data.anchoB   0x20000018        0x4 ./Core/Src/main.o
                0x20000018                anchoB
 .data.altoB    0x2000001c        0x4 ./Core/Src/main.o
                0x2000001c                altoB
 .data.colorTrans
                0x20000020        0x2 ./Core/Src/main.o
                0x20000020                colorTrans
 *fill*         0x20000022        0x2 
 .data.velocidad
                0x20000024        0x4 ./Core/Src/main.o
                0x20000024                velocidad
 .data.nivel_actual
                0x20000028        0x4 ./Core/Src/main.o
                0x20000028                nivel_actual
 .data.dma_libre
                0x2000002c        0x1 ./Core/Src/main.o
                0x2000002c                dma_libre
 *fill*         0x2000002d        0x3 
 .data.SystemCoreClock
                0x20000030        0x4 ./Core/Src/system_stm32f4xx.o
                0x20000030                SystemCoreClock
 .data.uwTickPrio
                0x20000034        0x4 ./Drivers/STM32F4xx_HAL_Driver/Src/stm32f4xx_hal.o
                0x20000034                uwTickPrio
 .data.uwTickFreq
                0x20000038        0x1 ./Drivers/STM32F4xx_HAL_Driver/Src/stm32f4xx_hal.o
                0x20000038                uwTickFreq
 *fill*         0x20000039        0x3 
 .data.USER_Driver
                0x2000003c       0x14 ./FATFS/Target/user_diskio.o
                0x2000003c                USER_Driver
 .data.__sglue  0x20000050        0xc C:/ST/STM32CubeIDE_2.1.0/STM32CubeIDE/plugins/com.st.stm32cube.ide.mcu.externaltools.gnu-tools-for-stm32.14.3.rel1.win32_1.0.100.202602081740/tools/bin/../lib/gcc/arm-none-eabi/14.3.1/../../../../arm-none-eabi/lib/thumb/v7e-m+fp/hard\libc_nano.a(libc_a-findfp.o)
                0x20000050                __sglue
 .data._impure_ptr
                0x2000005c        0x4 C:/ST/STM32CubeIDE_2.1.0/STM32CubeIDE/plugins/com.st.stm32cube.ide.mcu.externaltools.gnu-tools-for-stm32.14.3.rel1.win32_1.0.100.202602081740/tools/bin/../lib/gcc/arm-none-eabi/14.3.1/../../../../arm-none-eabi/lib/thumb/v7e-m+fp/hard\libc_nano.a(libc_a-impure.o)
                0x2000005c                _impure_ptr
 .data._impure_data
                0x20000060       0x4c C:/ST/STM32CubeIDE_2.1.0/STM32CubeIDE/plugins/com.st.stm32cube.ide.mcu.externaltools.gnu-tools-for-stm32.14.3.rel1.win32_1.0.100.202602081740/tools/bin/../lib/gcc/arm-none-eabi/14.3.1/../../../../arm-none-eabi/lib/thumb/v7e-m+fp/hard\libc_nano.a(libc_a-impure.o)
                0x20000060                _impure_data
 *(.RamFunc)
 *(.RamFunc*)
                0x200000ac                        . = ALIGN (0x4)
                0x200000ac                        _edata = .

.igot.plt       0x200000ac        0x0 load address 0x08049220
 .igot.plt      0x200000ac        0x0 C:/ST/STM32CubeIDE_2.1.0/STM32CubeIDE/plugins/com.st.stm32cube.ide.mcu.externaltools.gnu-tools-for-stm32.14.3.rel1.win32_1.0.100.202602081740/tools/bin/../lib/gcc/arm-none-eabi/14.3.1/thumb/v7e-m+fp/hard/crtbegin.o
                0x200000ac                        . = ALIGN (0x4)

.bss            0x200000ac     0x9bac load address 0x08049220
                0x200000ac                        _sbss = .
                0x200000ac                        __bss_start__ = _sbss
 *(.bss)
 .bss           0x200000ac       0x1c C:/ST/STM32CubeIDE_2.1.0/STM32CubeIDE/plugins/com.st.stm32cube.ide.mcu.externaltools.gnu-tools-for-stm32.14.3.rel1.win32_1.0.100.202602081740/tools/bin/../lib/gcc/arm-none-eabi/14.3.1/thumb/v7e-m+fp/hard/crtbegin.o
 *(.bss*)
 .bss.Timer1    0x200000c8        0x2 ./Core/Src/fatfs_sd.o
                0x200000c8                Timer1
 .bss.Timer2    0x200000ca        0x2 ./Core/Src/fatfs_sd.o
                0x200000ca                Timer2
 .bss.CardType  0x200000cc        0x1 ./Core/Src/fatfs_sd.o
 .bss.PowerFlag
                0x200000cd        0x1 ./Core/Src/fatfs_sd.o
 *fill*         0x200000ce        0x2 
 .bss.fs        0x200000d0     0x1038 ./Core/Src/main.o
                0x200000d0                fs
 .bss.fres      0x20001108        0x1 ./Core/Src/main.o
                0x20001108                fres
 *fill*         0x20001109        0x3 
 .bss.hspi1     0x2000110c       0x58 ./Core/Src/main.o
                0x2000110c                hspi1
 .bss.hdma_spi1_tx
                0x20001164       0x60 ./Core/Src/main.o
                0x20001164                hdma_spi1_tx
 .bss.htim2     0x200011c4       0x48 ./Core/Src/main.o
                0x200011c4                htim2
 .bss.huart5    0x2000120c       0x48 ./Core/Src/main.o
                0x2000120c                huart5
 .bss.huart1    0x20001254       0x48 ./Core/Src/main.o
                0x20001254                huart1
 .bss.huart2    0x2000129c       0x48 ./Core/Src/main.o
                0x2000129c                huart2
 .bss.huart3    0x200012e4       0x48 ./Core/Src/main.o
                0x200012e4                huart3
 .bss.cinematica
                0x2000132c        0x4 ./Core/Src/main.o
                0x2000132c                cinematica
 .bss.fondo     0x20001330        0x4 ./Core/Src/main.o
                0x20001330                fondo
 .bss.fondo1    0x20001334        0x4 ./Core/Src/main.o
                0x20001334                fondo1
 .bss.fondo2    0x20001338        0x4 ./Core/Src/main.o
                0x20001338                fondo2
 .bss.fondo3    0x2000133c        0x4 ./Core/Src/main.o
                0x2000133c                fondo3
 .bss.fondo4    0x20001340        0x4 ./Core/Src/main.o
                0x20001340                fondo4
 .bss.fondo5    0x20001344        0x4 ./Core/Src/main.o
                0x20001344                fondo5
 .bss.fondo6    0x20001348        0x4 ./Core/Src/main.o
                0x20001348                fondo6
 .bss.balas_lanzadas
                0x2000134c        0x4 ./Core/Src/main.o
                0x2000134c                balas_lanzadas
 .bss.bossOldX  0x20001350        0x4 ./Core/Src/main.o
                0x20001350                bossOldX
 .bss.b_mezcla_boss
                0x20001354     0x1388 ./Core/Src/main.o
                0x20001354                b_mezcla_boss
 .bss.sprite_buffer
                0x200026dc     0x2000 ./Core/Src/main.o
                0x200026dc                sprite_buffer
 .bss.j         0x200046dc       0x98 ./Core/Src/main.o
                0x200046dc                j
 .bss.character
                0x20004774        0x4 ./Core/Src/main.o
                0x20004774                character
 .bss.char_final
                0x20004778        0x4 ./Core/Src/main.o
                0x20004778                char_final
 .bss.personaje_seleccionado_J1
                0x2000477c        0x4 ./Core/Src/main.o
                0x2000477c                personaje_seleccionado_J1
 .bss.sprite_buffer_J1
                0x20004780     0x2000 ./Core/Src/main.o
                0x20004780                sprite_buffer_J1
 .bss.b_buffer_J1
                0x20006780      0x310 ./Core/Src/main.o
                0x20006780                b_buffer_J1
 .bss.char_final_J2
                0x20006a90        0x1 ./Core/Src/main.o
                0x20006a90                char_final_J2
 .bss.character_J2
                0x20006a91        0x1 ./Core/Src/main.o
                0x20006a91                character_J2
 .bss.personaje_seleccionado_J2
                0x20006a92        0x1 ./Core/Src/main.o
                0x20006a92                personaje_seleccionado_J2
 *fill*         0x20006a93        0x1 
 .bss.sprite_buffer_J2
                0x20006a94     0x2000 ./Core/Src/main.o
                0x20006a94                sprite_buffer_J2
 .bss.b_buffer_J2
                0x20008a94      0x310 ./Core/Src/main.o
                0x20008a94                b_buffer_J2
 .bss.tiempo_spawn
                0x20008da4        0x4 ./Core/Src/main.o
                0x20008da4                tiempo_spawn
 .bss.buffer_mezcla
                0x20008da8      0x992 ./Core/Src/main.o
                0x20008da8                buffer_mezcla
 *fill*         0x2000973a        0x2 
 .bss.enemigos  0x2000973c       0x9c ./Core/Src/main.o
                0x2000973c                enemigos
 .bss.control   0x200097d8       0x18 ./Core/Src/main.o
                0x200097d8                control
 .bss.rx_data   0x200097f0        0x1 ./Core/Src/main.o
                0x200097f0                rx_data
 *fill*         0x200097f1        0x3 
 .bss.rx_buffer
                0x200097f4       0x32 ./Core/Src/main.o
                0x200097f4                rx_buffer
 *fill*         0x20009826        0x2 
 .bss.rx_index  0x20009828        0x4 ./Core/Src/main.o
                0x20009828                rx_index
 .bss.data_ready
                0x2000982c        0x1 ./Core/Src/main.o
                0x2000982c                data_ready
 *fill*         0x2000982d        0x3 
 .bss.control_J2
                0x20009830       0x18 ./Core/Src/main.o
                0x20009830                control_J2
 .bss.rx_data_J2
                0x20009848        0x1 ./Core/Src/main.o
                0x20009848                rx_data_J2
 *fill*         0x20009849        0x3 
 .bss.rx_buffer_J2
                0x2000984c       0x32 ./Core/Src/main.o
                0x2000984c                rx_buffer_J2
 *fill*         0x2000987e        0x2 
 .bss.rx_index_J2
                0x20009880        0x4 ./Core/Src/main.o
                0x20009880                rx_index_J2
 .bss.data_ready_J2
                0x20009884        0x1 ./Core/Src/main.o
                0x20009884                data_ready_J2
 .bss.rxData    0x20009885        0x1 ./Core/Src/main.o
                0x20009885                rxData
 *fill*         0x20009886        0x2 
 .bss.line_buffer.0
                0x20009888       0x40 ./Core/Src/main.o
 .bss.__sbrk_heap_end
                0x200098c8        0x4 ./Core/Src/sysmem.o
 .bss.uwTick    0x200098cc        0x4 ./Drivers/STM32F4xx_HAL_Driver/Src/stm32f4xx_hal.o
                0x200098cc                uwTick
 .bss.retUSER   0x200098d0        0x1 ./FATFS/App/fatfs.o
                0x200098d0                retUSER
 *fill*         0x200098d1        0x3 
 .bss.USERPath  0x200098d4        0x4 ./FATFS/App/fatfs.o
                0x200098d4                USERPath
 .bss.FatFs     0x200098d8        0x4 ./Middlewares/Third_Party/FatFs/src/ff.o
 .bss.Fsid      0x200098dc        0x2 ./Middlewares/Third_Party/FatFs/src/ff.o
 *fill*         0x200098de        0x2 
 .bss.Files     0x200098e0       0x20 ./Middlewares/Third_Party/FatFs/src/ff.o
 .bss.LfnBuf    0x20009900      0x200 ./Middlewares/Third_Party/FatFs/src/ff.o
 .bss.disk      0x20009b00        0xc ./Middlewares/Third_Party/FatFs/src/ff_gen_drv.o
                0x20009b00                disk
 .bss.__sf      0x20009b0c      0x138 C:/ST/STM32CubeIDE_2.1.0/STM32CubeIDE/plugins/com.st.stm32cube.ide.mcu.externaltools.gnu-tools-for-stm32.14.3.rel1.win32_1.0.100.202602081740/tools/bin/../lib/gcc/arm-none-eabi/14.3.1/../../../../arm-none-eabi/lib/thumb/v7e-m+fp/hard\libc_nano.a(libc_a-findfp.o)
                0x20009b0c                __sf
 .bss.__stdio_exit_handler
                0x20009c44        0x4 C:/ST/STM32CubeIDE_2.1.0/STM32CubeIDE/plugins/com.st.stm32cube.ide.mcu.externaltools.gnu-tools-for-stm32.14.3.rel1.win32_1.0.100.202602081740/tools/bin/../lib/gcc/arm-none-eabi/14.3.1/../../../../arm-none-eabi/lib/thumb/v7e-m+fp/hard\libc_nano.a(libc_a-findfp.o)
                0x20009c44                __stdio_exit_handler
 .bss.errno     0x20009c48        0x4 C:/ST/STM32CubeIDE_2.1.0/STM32CubeIDE/plugins/com.st.stm32cube.ide.mcu.externaltools.gnu-tools-for-stm32.14.3.rel1.win32_1.0.100.202602081740/tools/bin/../lib/gcc/arm-none-eabi/14.3.1/../../../../arm-none-eabi/lib/thumb/v7e-m+fp/hard\libc_nano.a(libc_a-reent.o)
                0x20009c48                errno
 .bss.__lock___malloc_recursive_mutex
                0x20009c4c        0x1 C:/ST/STM32CubeIDE_2.1.0/STM32CubeIDE/plugins/com.st.stm32cube.ide.mcu.externaltools.gnu-tools-for-stm32.14.3.rel1.win32_1.0.100.202602081740/tools/bin/../lib/gcc/arm-none-eabi/14.3.1/../../../../arm-none-eabi/lib/thumb/v7e-m+fp/hard\libc_nano.a(libc_a-lock.o)
                0x20009c4c                __lock___malloc_recursive_mutex
 .bss.__lock___sfp_recursive_mutex
                0x20009c4d        0x1 C:/ST/STM32CubeIDE_2.1.0/STM32CubeIDE/plugins/com.st.stm32cube.ide.mcu.externaltools.gnu-tools-for-stm32.14.3.rel1.win32_1.0.100.202602081740/tools/bin/../lib/gcc/arm-none-eabi/14.3.1/../../../../arm-none-eabi/lib/thumb/v7e-m+fp/hard\libc_nano.a(libc_a-lock.o)
                0x20009c4d                __lock___sfp_recursive_mutex
 *fill*         0x20009c4e        0x2 
 .bss.__malloc_sbrk_start
                0x20009c50        0x4 C:/ST/STM32CubeIDE_2.1.0/STM32CubeIDE/plugins/com.st.stm32cube.ide.mcu.externaltools.gnu-tools-for-stm32.14.3.rel1.win32_1.0.100.202602081740/tools/bin/../lib/gcc/arm-none-eabi/14.3.1/../../../../arm-none-eabi/lib/thumb/v7e-m+fp/hard\libc_nano.a(libc_a-mallocr.o)
                0x20009c50                __malloc_sbrk_start
 .bss.__malloc_free_list
                0x20009c54        0x4 C:/ST/STM32CubeIDE_2.1.0/STM32CubeIDE/plugins/com.st.stm32cube.ide.mcu.externaltools.gnu-tools-for-stm32.14.3.rel1.win32_1.0.100.202602081740/tools/bin/../lib/gcc/arm-none-eabi/14.3.1/../../../../arm-none-eabi/lib/thumb/v7e-m+fp/hard\libc_nano.a(libc_a-mallocr.o)
                0x20009c54                __malloc_free_list
 *(COMMON)
                0x20009c58                        . = ALIGN (0x4)
                0x20009c58                        _ebss = .
                0x20009c58                        __bss_end__ = _ebss

._user_heap_stack
                0x20009c58      0x600 load address 0x08049220
                0x20009c58                        . = ALIGN (0x8)
                [!provide]                        PROVIDE (end = .)
                0x20009c58                        PROVIDE (_end = .)
                0x20009e58                        . = (. + _Min_Heap_Size)
 *fill*         0x20009c58      0x200 
                0x2000a258                        . = (. + _Min_Stack_Size)
 *fill*         0x20009e58      0x400 
                0x2000a258                        . = ALIGN (0x8)

/DISCARD/
 libc.a(*)
 libm.a(*)
 libgcc.a(*)

.ARM.attributes
                0x00000000       0x30
 *(.ARM.attributes)
 .ARM.attributes
                0x00000000       0x22 C:/ST/STM32CubeIDE_2.1.0/STM32CubeIDE/plugins/com.st.stm32cube.ide.mcu.externaltools.gnu-tools-for-stm32.14.3.rel1.win32_1.0.100.202602081740/tools/bin/../lib/gcc/arm-none-eabi/14.3.1/thumb/v7e-m+fp/hard/crti.o
 .ARM.attributes
                0x00000022       0x34 C:/ST/STM32CubeIDE_2.1.0/STM32CubeIDE/plugins/com.st.stm32cube.ide.mcu.externaltools.gnu-tools-for-stm32.14.3.rel1.win32_1.0.100.202602081740/tools/bin/../lib/gcc/arm-none-eabi/14.3.1/thumb/v7e-m+fp/hard/crtbegin.o
 .ARM.attributes
                0x00000056       0x34 ./Core/Src/fatfs_sd.o
 .ARM.attributes
                0x0000008a       0x34 ./Core/Src/font.o
 .ARM.attributes
                0x000000be       0x34 ./Core/Src/graficos.o
 .ARM.attributes
                0x000000f2       0x34 ./Core/Src/ili9341.o
 .ARM.attributes