20:40:40 **** Incremental Build of configuration Debug for project ADC_TIMER_UART ****
make -j16 all 
arm-none-eabi-gcc "../Core/Src/main.c" -mcpu=cortex-m4 -std=gnu11 -g3 -DDEBUG -DUSE_HAL_DRIVER -DSTM32F446xx -c -I../Core/Inc -I../Drivers/STM32F4xx_HAL_Driver/Inc -I../Drivers/STM32F4xx_HAL_Driver/Inc/Legacy -I../Drivers/CMSIS/Device/ST/STM32F4xx/Include -I../Drivers/CMSIS/Include -O0 -ffunction-sections -fdata-sections -Wall -fstack-usage -fcyclomatic-complexity -MMD -MP -MF"Core/Src/main.d" -MT"Core/Src/main.o" --specs=nano.specs -mfpu=fpv4-sp-d16 -mfloat-abi=hard -mthumb -o "Core/Src/main.o"
arm-none-eabi-gcc -o "ADC_TIMER_UART.elf" @"objects.list"   -mcpu=cortex-m4 -T"C:\Users\bsmor\Desktop\Documentos de clase\7 semestre\Procesamiento de señales\Programación matlab\Laboratorio 10\IE3032, BE3022_Lab10_archivos\ADC_TIMER_UART\STM32F446RETX_FLASH.ld" --specs=nosys.specs -Wl,-Map="ADC_TIMER_UART.map" -Wl,--gc-sections -static --specs=nano.specs -mfpu=fpv4-sp-d16 -mfloat-abi=hard -mthumb -Wl,--start-group -lc -lm -Wl,--end-group
Finished building target: ADC_TIMER_UART.elf
 
arm-none-eabi-size  ADC_TIMER_UART.elf 
arm-none-eabi-objdump -h -S ADC_TIMER_UART.elf  > "ADC_TIMER_UART.list"
   text	   data	    bss	    dec	    hex	filename
  15836	     96	   2160	  18092	   46ac	ADC_TIMER_UART.elf
Finished building: default.size.stdout
 
Finished building: ADC_TIMER_UART.list
 

20:40:42 Build Finished. 0 errors, 0 warnings. (took 2s.97ms)

