21:43:57 **** Incremental Build of configuration Debug for project Proyecto2STM ****
make -j16 all 
arm-none-eabi-gcc "../Core/Src/main.c" -mcpu=cortex-m4 -std=gnu11 -g3 -DDEBUG -DUSE_HAL_DRIVER -DSTM32F446xx -c -I../Core/Inc -I../Drivers/STM32F4xx_HAL_Driver/Inc -I../Drivers/STM32F4xx_HAL_Driver/Inc/Legacy -I../Drivers/CMSIS/Device/ST/STM32F4xx/Include -I../Drivers/CMSIS/Include -O0 -ffunction-sections -fdata-sections -Wall -fstack-usage -fcyclomatic-complexity -MMD -MP -MF"Core/Src/main.d" -MT"Core/Src/main.o" --specs=nano.specs -mfpu=fpv4-sp-d16 -mfloat-abi=hard -mthumb -o "Core/Src/main.o"
arm-none-eabi-gcc -o "Proyecto2STM.elf" @"objects.list"   -mcpu=cortex-m4 -T"C:\Users\bsmor\OneDrive\Documentos\GitHub\Proyecto2-VideoJuego\Proyecto2Dig2\Proyecto2STM\STM32F446RETX_FLASH.ld" --specs=nosys.specs -Wl,-Map="Proyecto2STM.map" -Wl,--gc-sections -static --specs=nano.specs -mfpu=fpv4-sp-d16 -mfloat-abi=hard -mthumb -Wl,--start-group -lc -lm -Wl,--end-group
Finished building target: Proyecto2STM.elf
 
arm-none-eabi-size  Proyecto2STM.elf 
arm-none-eabi-objdump -h -S Proyecto2STM.elf  > "Proyecto2STM.list"
   text	   data	    bss	    dec	    hex	filename
  12560	    380	   1716	  14656	   3940	Proyecto2STM.elf
Finished building: default.size.stdout
 
Finished building: Proyecto2STM.list
 
21:44:26 **** Incremental Build of configuration Debug for project Proyecto2STM ****
make -j16 all 
arm-none-eabi-gcc "../Core/Src/main.c" -mcpu=cortex-m4 -std=gnu11 -g3 -DDEBUG -DUSE_HAL_DRIVER -DSTM32F446xx -c -I../Core/Inc -I../Drivers/STM32F4xx_HAL_Driver/Inc -I../Drivers/STM32F4xx_HAL_Driver/Inc/Legacy -I../Drivers/CMSIS/Device/ST/STM32F4xx/Include -I../Drivers/CMSIS/Include -O0 -ffunction-sections -fdata-sections -Wall -fstack-usage -fcyclomatic-complexity -MMD -MP -MF"Core/Src/main.d" -MT"Core/Src/main.o" --specs=nano.specs -mfpu=fpv4-sp-d16 -mfloat-abi=hard -mthumb -o "Core/Src/main.o"
arm-none-eabi-gcc -o "Proyecto2STM.elf" @"objects.list"   -mcpu=cortex-m4 -T"C:\Users\bsmor\OneDrive\Documentos\GitHub\Proyecto2-VideoJuego\Proyecto2Dig2\Proyecto2STM\STM32F446RETX_FLASH.ld" --specs=nosys.specs -Wl,-Map="Proyecto2STM.map" -Wl,--gc-sections -static --specs=nano.specs -mfpu=fpv4-sp-d16 -mfloat-abi=hard -mthumb -Wl,--start-group -lc -lm -Wl,--end-group
Finished building target: Proyecto2STM.elf
 
arm-none-eabi-size  Proyecto2STM.elf 
arm-none-eabi-objdump -h -S Proyecto2STM.elf  > "Proyecto2STM.list"
   text	   data	    bss	    dec	    hex	filename
  12560	    396	   1716	  14672	   3950	Proyecto2STM.elf
Finished building: default.size.stdout
 
Finished building: Proyecto2STM.list
 
21:45:14 **** Incremental Build of configuration Debug for project Proyecto2STM ****
make -j16 all 
arm-none-eabi-gcc "../Core/Src/main.c" -mcpu=cortex-m4 -std=gnu11 -g3 -DDEBUG -DUSE_HAL_DRIVER -DSTM32F446xx -c -I../Core/Inc -I../Drivers/STM32F4xx_HAL_Driver/Inc -I../Drivers/STM32F4xx_HAL_Driver/Inc/Legacy -I../Drivers/CMSIS/Device/ST/STM32F4xx/Include -I../Drivers/CMSIS/Include -O0 -ffunction-sections -fdata-sections -Wall -fstack-usage -fcyclomatic-complexity -MMD -MP -MF"Core/Src/main.d" -MT"Core/Src/main.o" --specs=nano.specs -mfpu=fpv4-sp-d16 -mfloat-abi=hard -mthumb -o "Core/Src/main.o"
arm-none-eabi-gcc -o "Proyecto2STM.elf" @"objects.list"   -mcpu=cortex-m4 -T"C:\Users\bsmor\OneDrive\Documentos\GitHub\Proyecto2-VideoJuego\Proyecto2Dig2\Proyecto2STM\STM32F446RETX_FLASH.ld" --specs=nosys.specs -Wl,-Map="Proyecto2STM.map" -Wl,--gc-sections -static --specs=nano.specs -mfpu=fpv4-sp-d16 -mfloat-abi=hard -mthumb -Wl,--start-group -lc -lm -Wl,--end-group
Finished building target: Proyecto2STM.elf
 
arm-none-eabi-size  Proyecto2STM.elf 
arm-none-eabi-objdump -h -S Proyecto2STM.elf  > "Proyecto2STM.list"
   text	   data	    bss	    dec	    hex	filename
  12600	   2124	   1716	  16440	   4038	Proyecto2STM.elf
Finished building: default.size.stdout
 
Finished building: Proyecto2STM.list
 
21:47:44 **** Incremental Build of configuration Debug for project Proyecto2STM ****
make -j16 all 
arm-none-eabi-gcc "../Core/Src/main.c" -mcpu=cortex-m4 -std=gnu11 -g3 -DDEBUG -DUSE_HAL_DRIVER -DSTM32F446xx -c -I../Core/Inc -I../Drivers/STM32F4xx_HAL_Driver/Inc -I../Drivers/STM32F4xx_HAL_Driver/Inc/Legacy -I../Drivers/CMSIS/Device/ST/STM32F4xx/Include -I../Drivers/CMSIS/Include -O0 -ffunction-sections -fdata-sections -Wall -fstack-usage -fcyclomatic-complexity -MMD -MP -MF"Core/Src/main.d" -MT"Core/Src/main.o" --specs=nano.specs -mfpu=fpv4-sp-d16 -mfloat-abi=hard -mthumb -o "Core/Src/main.o"
arm-none-eabi-gcc -o "Proyecto2STM.elf" @"objects.list"   -mcpu=cortex-m4 -T"C:\Users\bsmor\OneDrive\Documentos\GitHub\Proyecto2-VideoJuego\Proyecto2Dig2\Proyecto2STM\STM32F446RETX_FLASH.ld" --specs=nosys.specs -Wl,-Map="Proyecto2STM.map" -Wl,--gc-sections -static --specs=nano.specs -mfpu=fpv4-sp-d16 -mfloat-abi=hard -mthumb -Wl,--start-group -lc -lm -Wl,--end-group
Finished building target: Proyecto2STM.elf
 
arm-none-eabi-size  Proyecto2STM.elf 
arm-none-eabi-objdump -h -S Proyecto2STM.elf  > "Proyecto2STM.list"
   text	   data	    bss	    dec	    hex	filename
  12560	   1044	   1716	  15320	   3bd8	Proyecto2STM.elf
Finished building: default.size.stdout
 
Finished building: Proyecto2STM.list
 
21:48:51 **** Incremental Build of configuration Debug for project Proyecto2STM ****
make -j16 all 
arm-none-eabi-gcc "../Core/Src/main.c" -mcpu=cortex-m4 -std=gnu11 -g3 -DDEBUG -DUSE_HAL_DRIVER -DSTM32F446xx -c -I../Core/Inc -I../Drivers/STM32F4xx_HAL_Driver/Inc -I../Drivers/STM32F4xx_HAL_Driver/Inc/Legacy -I../Drivers/CMSIS/Device/ST/STM32F4xx/Include -I../Drivers/CMSIS/Include -O0 -ffunction-sections -fdata-sections -Wall -fstack-usage -fcyclomatic-complexity -MMD -MP -MF"Core/Src/main.d" -MT"Core/Src/main.o" --specs=nano.specs -mfpu=fpv4-sp-d16 -mfloat-abi=hard -mthumb -o "Core/Src/main.o"
arm-none-eabi-gcc -o "Proyecto2STM.elf" @"objects.list"   -mcpu=cortex-m4 -T"C:\Users\bsmor\OneDrive\Documentos\GitHub\Proyecto2-VideoJuego\Proyecto2Dig2\Proyecto2STM\STM32F446RETX_FLASH.ld" --specs=nosys.specs -Wl,-Map="Proyecto2STM.map" -Wl,--gc-sections -static --specs=nano.specs -mfpu=fpv4-sp-d16 -mfloat-abi=hard -mthumb -Wl,--start-group -lc -lm -Wl,--end-group
Finished building target: Proyecto2STM.elf
 
arm-none-eabi-size  Proyecto2STM.elf 
arm-none-eabi-objdump -h -S Proyecto2STM.elf  > "Proyecto2STM.list"
   text	   data	    bss	    dec	    hex	filename
  12560	    396	   1716	  14672	   3950	Proyecto2STM.elf
Finished building: default.size.stdout
 
Finished building: Proyecto2STM.list
 
21:49:45 **** Incremental Build of configuration Debug for project Proyecto2STM ****
make -j16 all 
arm-none-eabi-size  Proyecto2STM.elf 
   text	   data	    bss	    dec	    hex	filename
  12560	    396	   1716	  14672	   3950	Proyecto2STM.elf
Finished building: default.size.stdout
 
21:51:39 **** Incremental Build of configuration Debug for project Proyecto2STM ****
make -j16 all 
arm-none-eabi-gcc "../Core/Src/main.c" -mcpu=cortex-m4 -std=gnu11 -g3 -DDEBUG -DUSE_HAL_DRIVER -DSTM32F446xx -c -I../Core/Inc -I../Drivers/STM32F4xx_HAL_Driver/Inc -I../Drivers/STM32F4xx_HAL_Driver/Inc/Legacy -I../Drivers/CMSIS/Device/ST/STM32F4xx/Include -I../Drivers/CMSIS/Include -O0 -ffunction-sections -fdata-sections -Wall -fstack-usage -fcyclomatic-complexity -MMD -MP -MF"Core/Src/main.d" -MT"Core/Src/main.o" --specs=nano.specs -mfpu=fpv4-sp-d16 -mfloat-abi=hard -mthumb -o "Core/Src/main.o"
arm-none-eabi-gcc -o "Proyecto2STM.elf" @"objects.list"   -mcpu=cortex-m4 -T"C:\Users\bsmor\OneDrive\Documentos\GitHub\Proyecto2-VideoJuego\Proyecto2Dig2\Proyecto2STM\STM32F446RETX_FLASH.ld" --specs=nosys.specs -Wl,-Map="Proyecto2STM.map" -Wl,--gc-sections -static --specs=nano.specs -mfpu=fpv4-sp-d16 -mfloat-abi=hard -mthumb -Wl,--start-group -lc -lm -Wl,--end-group
Finished building target: Proyecto2STM.elf
 
arm-none-eabi-size  Proyecto2STM.elf 
arm-none-eabi-objdump -h -S Proyecto2STM.elf  > "Proyecto2STM.list"
   text	   data	    bss	    dec	    hex	filename
  12560	    396	   1716	  14672	   3950	Proyecto2STM.elf
Finished building: default.size.stdout
 
Finished building: Proyecto2STM.list
 
21:53:25 **** Incremental Build of configuration Debug for project Proyecto2STM ****
make -j16 all 
arm-none-eabi-gcc "../Core/Src/main.c" -mcpu=cortex-m4 -std=gnu11 -g3 -DDEBUG -DUSE_HAL_DRIVER -DSTM32F446xx -c -I../Core/Inc -I../Drivers/STM32F4xx_HAL_Driver/Inc -I../Drivers/STM32F4xx_HAL_Driver/Inc/Legacy -I../Drivers/CMSIS/Device/ST/STM32F4xx/Include -I../Drivers/CMSIS/Include -O0 -ffunction-sections -fdata-sections -Wall -fstack-usage -fcyclomatic-complexity -MMD -MP -MF"Core/Src/main.d" -MT"Core/Src/main.o" --specs=nano.specs -mfpu=fpv4-sp-d16 -mfloat-abi=hard -mthumb -o "Core/Src/main.o"
arm-none-eabi-gcc -o "Proyecto2STM.elf" @"objects.list"   -mcpu=cortex-m4 -T"C:\Users\bsmor\OneDrive\Documentos\GitHub\Proyecto2-VideoJuego\Proyecto2Dig2\Proyecto2STM\STM32F446RETX_FLASH.ld" --specs=nosys.specs -Wl,-Map="Proyecto2STM.map" -Wl,--gc-sections -static --specs=nano.specs -mfpu=fpv4-sp-d16 -mfloat-abi=hard -mthumb -Wl,--start-group -lc -lm -Wl,--end-group
Finished building target: Proyecto2STM.elf
 
arm-none-eabi-size  Proyecto2STM.elf 
arm-none-eabi-objdump -h -S Proyecto2STM.elf  > "Proyecto2STM.list"
   text	   data	    bss	    dec	    hex	filename
  12560	    404	   1716	  14680	   3958	Proyecto2STM.elf
Finished building: default.size.stdout
 
Finished building: Proyecto2STM.list
 
21:55:34 **** Incremental Build of configuration Debug for project Proyecto2STM ****
make -j16 all 
arm-none-eabi-gcc "../Core/Src/main.c" -mcpu=cortex-m4 -std=gnu11 -g3 -DDEBUG -DUSE_HAL_DRIVER -DSTM32F446xx -c -I../Core/Inc -I../Drivers/STM32F4xx_HAL_Driver/Inc -I../Drivers/STM32F4xx_HAL_Driver/Inc/Legacy -I../Drivers/CMSIS/Device/ST/STM32F4xx/Include -I../Drivers/CMSIS/Include -O0 -ffunction-sections -fdata-sections -Wall -fstack-usage -fcyclomatic-complexity -MMD -MP -MF"Core/Src/main.d" -MT"Core/Src/main.o" --specs=nano.specs -mfpu=fpv4-sp-d16 -mfloat-abi=hard -mthumb -o "Core/Src/main.o"
arm-none-eabi-gcc -o "Proyecto2STM.elf" @"objects.list"   -mcpu=cortex-m4 -T"C:\Users\bsmor\OneDrive\Documentos\GitHub\Proyecto2-VideoJuego\Proyecto2Dig2\Proyecto2STM\STM32F446RETX_FLASH.ld" --specs=nosys.specs -Wl,-Map="Proyecto2STM.map" -Wl,--gc-sections -static --specs=nano.specs -mfpu=fpv4-sp-d16 -mfloat-abi=hard -mthumb -Wl,--start-group -lc -lm -Wl,--end-group
Finished building target: Proyecto2STM.elf
 
arm-none-eabi-size  Proyecto2STM.elf 
arm-none-eabi-objdump -h -S Proyecto2STM.elf  > "Proyecto2STM.list"
   text	   data	    bss	    dec	    hex	filename
  12560	    404	   1716	  14680	   3958	Proyecto2STM.elf
Finished building: default.size.stdout
 
Finished building: Proyecto2STM.list
 
21:57:13 **** Incremental Build of configuration Debug for project Proyecto2STM ****
make -j16 all 
arm-none-eabi-gcc "../Core/Src/main.c" -mcpu=cortex-m4 -std=gnu11 -g3 -DDEBUG -DUSE_HAL_DRIVER -DSTM32F446xx -c -I../Core/Inc -I../Drivers/STM32F4xx_HAL_Driver/Inc -I../Drivers/STM32F4xx_HAL_Driver/Inc/Legacy -I../Drivers/CMSIS/Device/ST/STM32F4xx/Include -I../Drivers/CMSIS/Include -O0 -ffunction-sections -fdata-sections -Wall -fstack-usage -fcyclomatic-complexity -MMD -MP -MF"Core/Src/main.d" -MT"Core/Src/main.o" --specs=nano.specs -mfpu=fpv4-sp-d16 -mfloat-abi=hard -mthumb -o "Core/Src/main.o"
arm-none-eabi-gcc -o "Proyecto2STM.elf" @"objects.list"   -mcpu=cortex-m4 -T"C:\Users\bsmor\OneDrive\Documentos\GitHub\Proyecto2-VideoJuego\Proyecto2Dig2\Proyecto2STM\STM32F446RETX_FLASH.ld" --specs=nosys.specs -Wl,-Map="Proyecto2STM.map" -Wl,--gc-sections -static --specs=nano.specs -mfpu=fpv4-sp-d16 -mfloat-abi=hard -mthumb -Wl,--start-group -lc -lm -Wl,--end-group
Finished building target: Proyecto2STM.elf
 
arm-none-eabi-size  Proyecto2STM.elf 
arm-none-eabi-objdump -h -S Proyecto2STM.elf  > "Proyecto2STM.list"
   text	   data	    bss	    dec	    hex	filename
  12560	    404	   1716	  14680	   3958	Proyecto2STM.elf
Finished building: default.size.stdout
 
Finished building: Proyecto2STM.list
 
21:59:22 **** Incremental Build of configuration Debug for project Proyecto2STM ****
make -j16 all 
arm-none-eabi-gcc "../Core/Src/main.c" -mcpu=cortex-m4 -std=gnu11 -g3 -DDEBUG -DUSE_HAL_DRIVER -DSTM32F446xx -c -I../Core/Inc -I../Drivers/STM32F4xx_HAL_Driver/Inc -I../Drivers/STM32F4xx_HAL_Driver/Inc/Legacy -I../Drivers/CMSIS/Device/ST/STM32F4xx/Include -I../Drivers/CMSIS/Include -O0 -ffunction-sections -fdata-sections -Wall -fstack-usage -fcyclomatic-complexity -MMD -MP -MF"Core/Src/main.d" -MT"Core/Src/main.o" --specs=nano.specs -mfpu=fpv4-sp-d16 -mfloat-abi=hard -mthumb -o "Core/Src/main.o"
arm-none-eabi-gcc -o "Proyecto2STM.elf" @"objects.list"   -mcpu=cortex-m4 -T"C:\Users\bsmor\OneDrive\Documentos\GitHub\Proyecto2-VideoJuego\Proyecto2Dig2\Proyecto2STM\STM32F446RETX_FLASH.ld" --specs=nosys.specs -Wl,-Map="Proyecto2STM.map" -Wl,--gc-sections -static --specs=nano.specs -mfpu=fpv4-sp-d16 -mfloat-abi=hard -mthumb -Wl,--start-group -lc -lm -Wl,--end-group
Finished building target: Proyecto2STM.elf
 
arm-none-eabi-size  Proyecto2STM.elf 
arm-none-eabi-objdump -h -S Proyecto2STM.elf  > "Proyecto2STM.list"
   text	   data	    bss	    dec	    hex	filename
  12560	    404	   1716	  14680	   3958	Proyecto2STM.elf
Finished building: default.size.stdout
 
Finished building: Proyecto2STM.list
 
22:01:39 **** Incremental Build of configuration Debug for project Proyecto2STM ****
make -j16 all 
arm-none-eabi-gcc "../Core/Src/main.c" -mcpu=cortex-m4 -std=gnu11 -g3 -DDEBUG -DUSE_HAL_DRIVER -DSTM32F446xx -c -I../Core/Inc -I../Drivers/STM32F4xx_HAL_Driver/Inc -I../Drivers/STM32F4xx_HAL_Driver/Inc/Legacy -I../Drivers/CMSIS/Device/ST/STM32F4xx/Include -I../Drivers/CMSIS/Include -O0 -ffunction-sections -fdata-sections -Wall -fstack-usage -fcyclomatic-complexity -MMD -MP -MF"Core/Src/main.d" -MT"Core/Src/main.o" --specs=nano.specs -mfpu=fpv4-sp-d16 -mfloat-abi=hard -mthumb -o "Core/Src/main.o"
arm-none-eabi-gcc -o "Proyecto2STM.elf" @"objects.list"   -mcpu=cortex-m4 -T"C:\Users\bsmor\OneDrive\Documentos\GitHub\Proyecto2-VideoJuego\Proyecto2Dig2\Proyecto2STM\STM32F446RETX_FLASH.ld" --specs=nosys.specs -Wl,-Map="Proyecto2STM.map" -Wl,--gc-sections -static --specs=nano.specs -mfpu=fpv4-sp-d16 -mfloat-abi=hard -mthumb -Wl,--start-group -lc -lm -Wl,--end-group
Finished building target: Proyecto2STM.elf
 
arm-none-eabi-size  Proyecto2STM.elf 
arm-none-eabi-objdump -h -S Proyecto2STM.elf  > "Proyecto2STM.list"
   text	   data	    bss	    dec	    hex	filename
  12560	    404	   1716	  14680	   3958	Proyecto2STM.elf
Finished building: default.size.stdout
 
Finished building: Proyecto2STM.list
 
22:03:35 **** Incremental Build of configuration Debug for project Proyecto2STM ****
make -j16 all 
arm-none-eabi-gcc "../Core/Src/main.c" -mcpu=cortex-m4 -std=gnu11 -g3 -DDEBUG -DUSE_HAL_DRIVER -DSTM32F446xx -c -I../Core/Inc -I../Drivers/STM32F4xx_HAL_Driver/Inc -I../Drivers/STM32F4xx_HAL_Driver/Inc/Legacy -I../Drivers/CMSIS/Device/ST/STM32F4xx/Include -I../Drivers/CMSIS/Include -O0 -ffunction-sections -fdata-sections -Wall -fstack-usage -fcyclomatic-complexity -MMD -MP -MF"Core/Src/main.d" -MT"Core/Src/main.o" --specs=nano.specs -mfpu=fpv4-sp-d16 -mfloat-abi=hard -mthumb -o "Core/Src/main.o"
arm-none-eabi-gcc -o "Proyecto2STM.elf" @"objects.list"   -mcpu=cortex-m4 -T"C:\Users\bsmor\OneDrive\Documentos\GitHub\Proyecto2-VideoJuego\Proyecto2Dig2\Proyecto2STM\STM32F446RETX_FLASH.ld" --specs=nosys.specs -Wl,-Map="Proyecto2STM.map" -Wl,--gc-sections -static --specs=nano.specs -mfpu=fpv4-sp-d16 -mfloat-abi=hard -mthumb -Wl,--start-group -lc -lm -Wl,--end-group
Finished building target: Proyecto2STM.elf
 
arm-none-eabi-size  Proyecto2STM.elf 
arm-none-eabi-objdump -h -S Proyecto2STM.elf  > "Proyecto2STM.list"
   text	   data	    bss	    dec	    hex	filename
  12560	    404	   1716	  14680	   3958	Proyecto2STM.elf
Finished building: default.size.stdout
 
Finished building: Proyecto2STM.list
 
22:06:28 **** Incremental Build of configuration Debug for project Proyecto2STM ****
make -j16 all 
arm-none-eabi-gcc "../Core/Src/main.c" -mcpu=cortex-m4 -std=gnu11 -g3 -DDEBUG -DUSE_HAL_DRIVER -DSTM32F446xx -c -I../Core/Inc -I../Drivers/STM32F4xx_HAL_Driver/Inc -I../Drivers/STM32F4xx_HAL_Driver/Inc/Legacy -I../Drivers/CMSIS/Device/ST/STM32F4xx/Include -I../Drivers/CMSIS/Include -O0 -ffunction-sections -fdata-sections -Wall -fstack-usage -fcyclomatic-complexity -MMD -MP -MF"Core/Src/main.d" -MT"Core/Src/main.o" --specs=nano.specs -mfpu=fpv4-sp-d16 -mfloat-abi=hard -mthumb -o "Core/Src/main.o"
arm-none-eabi-gcc -o "Proyecto2STM.elf" @"objects.list"   -mcpu=cortex-m4 -T"C:\Users\bsmor\OneDrive\Documentos\GitHub\Proyecto2-VideoJuego\Proyecto2Dig2\Proyecto2STM\STM32F446RETX_FLASH.ld" --specs=nosys.specs -Wl,-Map="Proyecto2STM.map" -Wl,--gc-sections -static --specs=nano.specs -mfpu=fpv4-sp-d16 -mfloat-abi=hard -mthumb -Wl,--start-group -lc -lm -Wl,--end-group
Finished building target: Proyecto2STM.elf
 
arm-none-eabi-size  Proyecto2STM.elf 
arm-none-eabi-objdump -h -S Proyecto2STM.elf  > "Proyecto2STM.list"
   text	   data	    bss	    dec	    hex	filename
  12560	    404	   1716	  14680	   3958	Proyecto2STM.elf
Finished building: default.size.stdout
 
Finished building: Proyecto2STM.list
 
