21:58:51 **** Incremental Build of configuration Debug for project ILI9341SPI ****
make -j16 all 
arm-none-eabi-gcc "../Core/Src/main.c" -mcpu=cortex-m4 -std=gnu11 -g3 -DDEBUG -DUSE_HAL_DRIVER -DSTM32F446xx -c -I../Core/Inc -I../Drivers/STM32F4xx_HAL_Driver/Inc -I../Drivers/STM32F4xx_HAL_Driver/Inc/Legacy -I../Drivers/CMSIS/Device/ST/STM32F4xx/Include -I../Drivers/CMSIS/Include -O0 -ffunction-sections -fdata-sections -Wall -fstack-usage -fcyclomatic-complexity -MMD -MP -MF"Core/Src/main.d" -MT"Core/Src/main.o" --specs=nano.specs -mfpu=fpv4-sp-d16 -mfloat-abi=hard -mthumb -o "Core/Src/main.o"
arm-none-eabi-gcc -o "ILI9341SPI.elf" @"objects.list"   -mcpu=cortex-m4 -T"C:\Users\bsmor\OneDrive\Documentos\GitHub\Proyecto2-VideoJuego\ILI9341SPI\ILI9341SPI\STM32F446RETX_FLASH.ld" --specs=nosys.specs -Wl,-Map="ILI9341SPI.map" -Wl,--gc-sections -static --specs=nano.specs -mfpu=fpv4-sp-d16 -mfloat-abi=hard -mthumb -Wl,--start-group -lc -lm -Wl,--end-group
Finished building target: ILI9341SPI.elf
 
arm-none-eabi-size  ILI9341SPI.elf 
arm-none-eabi-objdump -h -S ILI9341SPI.elf  > "ILI9341SPI.list"
   text	   data	    bss	    dec	    hex	filename
 222580	    116	  31468	 254164	  3e0d4	ILI9341SPI.elf
Finished building: default.size.stdout
 
Finished building: ILI9341SPI.list
 
